<html>
<body>
<pre>
<h1>礦ision Build Log</h1>
<h2>Tool Versions:</h2>
IDE-Version: μVision V5.20.0.0
Copyright (C) 2016 ARM Ltd and ARM Germany GmbH. All rights reserved.
License Information: Chen 8618753373705, SZU, LIC=----
 
Tool Versions:
Toolchain:       MDK-Lite  Version: 5.20
Toolchain Path:  D:\Keil_v5\ARM\ARMCC\Bin
C Compiler:      Armcc.exe V5.06 update 2 (build 183)
Assembler:       Armasm.exe V5.06 update 2 (build 183)
Linker/Locator:  ArmLink.exe V5.06 update 2 (build 183)
Library Manager: ArmAr.exe V5.06 update 2 (build 183)
Hex Converter:   FromElf.exe V5.06 update 2 (build 183)
CPU DLL:         SARMCM3.DLL V5.20
Dialog DLL:      DCM.DLL V1.13.7.0
Target DLL:      STLink\ST-LINKIII-KEIL_SWO.dll V2.0.18.0
Dialog DLL:      TCM.DLL V1.14.9.0
 
<h2>Project:</h2>
C:\Users\86187\Desktop\STM32KeilTest_049\09.外部中断实验\Project\STM32KeilPrj.uvprojx
Project File Date:  10/09/2022

<h2>Output:</h2>
*** Using Compiler 'V5.06 update 2 (build 183)', folder: 'D:\Keil_v5\ARM\ARMCC\Bin'
Rebuild target 'Target 1'
compiling Queue.c...
compiling NVIC.c...
compiling UART1.c...
compiling stm32f10x_exti.c...
compiling RCC.c...
compiling LED.c...
compiling Timer.c...
compiling misc.c...
compiling Main.c...
..\App\Main\Main.c(50): warning:  #177-D: variable "s_iCnt" was declared but never referenced
  static u16 s_iCnt,mod; 
..\App\Main\Main.c(50): warning:  #177-D: variable "mod" was declared but never referenced
  static u16 s_iCnt,mod; 
..\App\Main\Main.c: 2 warnings, 0 errors
compiling EXTI.c...
compiling stm32f10x_rcc.c...
compiling stm32f10x_usart.c...
compiling stm32f10x_flash.c...
compiling stm32f10x_tim.c...
compiling stm32f10x_gpio.c...
assembling startup_stm32f10x_hd.s...
compiling SysTick.c...
compiling core_cm3.c...
compiling stm32f10x_it.c...
compiling system_stm32f10x.c...
linking...
Program Size: Code=5056 RO-data=336 RW-data=60 ZI-data=1252  
FromELF: creating hex file...
".\Objects\STM32KeilPrj.axf" - 0 Error(s), 2 Warning(s).

<h2>Collection of Component include folders:</h2>
  C:\Users\86187\Desktop\STM32KeilTest_049\09.外部中断实验\Project\RTE
  D:\Keil_v5\ARM\PACK\Keil\STM32F1xx_DFP\2.1.0\Device\Include

<h2>Collection of Component Files used:</h2>
Build Time Elapsed:  00:00:02
</pre>
</body>
</html>
