Component: ARM Compiler 5.06 update 2 (build 183) Tool: armlink [4d35b7]

==============================================================================

Section Cross References

    main.o(i.InitHardware) refers to system_stm32f10x.o(i.SystemInit) for SystemInit
    main.o(i.InitHardware) refers to rcc.o(i.InitRCC) for InitRCC
    main.o(i.InitHardware) refers to nvic.o(i.InitNVIC) for InitNVIC
    main.o(i.InitHardware) refers to timer.o(i.InitTimer) for InitTimer
    main.o(i.InitHardware) refers to led.o(i.InitLED) for InitLED
    main.o(i.InitHardware) refers to systick.o(i.InitSysTick) for InitSysTick
    main.o(i.InitHardware) refers to uart1.o(i.InitUART1) for InitUART1
    main.o(i.InitHardware) refers to uart2.o(i.InitUART2) for InitUART2
    main.o(i.Proc1SecTask) refers to timer.o(i.Get1SecFlag) for Get1SecFlag
    main.o(i.Proc1SecTask) refers to timer.o(i.Clr1SecFlag) for Clr1SecFlag
    main.o(i.Proc2msTask) refers to timer.o(i.Get2msFlag) for Get2msFlag
    main.o(i.Proc2msTask) refers to led.o(i.LEDFlicker) for LEDFlicker
    main.o(i.Proc2msTask) refers to uart2.o(i.WriteUART2) for WriteUART2
    main.o(i.Proc2msTask) refers to uart1.o(i.ReadUART1) for ReadUART1
    main.o(i.Proc2msTask) refers to uart1.o(i.WriteUART1) for WriteUART1
    main.o(i.Proc2msTask) refers to uart2.o(i.ReadUART2) for ReadUART2
    main.o(i.Proc2msTask) refers to timer.o(i.Clr2msFlag) for Clr2msFlag
    main.o(i.main) refers to main.o(i.InitSoftware) for InitSoftware
    main.o(i.main) refers to main.o(i.InitHardware) for InitHardware
    main.o(i.main) refers to main.o(i.Proc2msTask) for Proc2msTask
    main.o(i.main) refers to main.o(i.Proc1SecTask) for Proc1SecTask
    led.o(i.ConfigLEDGPIO) refers to stm32f10x_rcc.o(i.RCC_APB2PeriphClockCmd) for RCC_APB2PeriphClockCmd
    led.o(i.ConfigLEDGPIO) refers to stm32f10x_gpio.o(i.GPIO_Init) for GPIO_Init
    led.o(i.ConfigLEDGPIO) refers to stm32f10x_gpio.o(i.GPIO_WriteBit) for GPIO_WriteBit
    led.o(i.InitLED) refers to led.o(i.ConfigLEDGPIO) for ConfigLEDGPIO
    led.o(i.LEDFlicker) refers to stm32f10x_gpio.o(i.GPIO_ReadOutputDataBit) for GPIO_ReadOutputDataBit
    led.o(i.LEDFlicker) refers to stm32f10x_gpio.o(i.GPIO_WriteBit) for GPIO_WriteBit
    led.o(i.LEDFlicker) refers to led.o(.data) for s_iCnt
    rcc.o(i.ConfigRCC) refers to stm32f10x_rcc.o(i.RCC_DeInit) for RCC_DeInit
    rcc.o(i.ConfigRCC) refers to stm32f10x_rcc.o(i.RCC_HSEConfig) for RCC_HSEConfig
    rcc.o(i.ConfigRCC) refers to stm32f10x_rcc.o(i.RCC_WaitForHSEStartUp) for RCC_WaitForHSEStartUp
    rcc.o(i.ConfigRCC) refers to stm32f10x_flash.o(i.FLASH_PrefetchBufferCmd) for FLASH_PrefetchBufferCmd
    rcc.o(i.ConfigRCC) refers to stm32f10x_flash.o(i.FLASH_SetLatency) for FLASH_SetLatency
    rcc.o(i.ConfigRCC) refers to stm32f10x_rcc.o(i.RCC_HCLKConfig) for RCC_HCLKConfig
    rcc.o(i.ConfigRCC) refers to stm32f10x_rcc.o(i.RCC_PCLK2Config) for RCC_PCLK2Config
    rcc.o(i.ConfigRCC) refers to stm32f10x_rcc.o(i.RCC_PCLK1Config) for RCC_PCLK1Config
    rcc.o(i.ConfigRCC) refers to stm32f10x_rcc.o(i.RCC_PLLConfig) for RCC_PLLConfig
    rcc.o(i.ConfigRCC) refers to stm32f10x_rcc.o(i.RCC_PLLCmd) for RCC_PLLCmd
    rcc.o(i.ConfigRCC) refers to stm32f10x_rcc.o(i.RCC_GetFlagStatus) for RCC_GetFlagStatus
    rcc.o(i.ConfigRCC) refers to stm32f10x_rcc.o(i.RCC_SYSCLKConfig) for RCC_SYSCLKConfig
    rcc.o(i.ConfigRCC) refers to stm32f10x_rcc.o(i.RCC_GetSYSCLKSource) for RCC_GetSYSCLKSource
    rcc.o(i.InitRCC) refers to rcc.o(i.ConfigRCC) for ConfigRCC
    timer.o(i.Clr1SecFlag) refers to timer.o(.data) for s_i1secFlag
    timer.o(i.Clr2msFlag) refers to timer.o(.data) for s_i2msFlag
    timer.o(i.ConfigTimer2) refers to stm32f10x_rcc.o(i.RCC_APB1PeriphClockCmd) for RCC_APB1PeriphClockCmd
    timer.o(i.ConfigTimer2) refers to stm32f10x_tim.o(i.TIM_TimeBaseInit) for TIM_TimeBaseInit
    timer.o(i.ConfigTimer2) refers to stm32f10x_tim.o(i.TIM_ITConfig) for TIM_ITConfig
    timer.o(i.ConfigTimer2) refers to misc.o(i.NVIC_Init) for NVIC_Init
    timer.o(i.ConfigTimer2) refers to stm32f10x_tim.o(i.TIM_Cmd) for TIM_Cmd
    timer.o(i.ConfigTimer5) refers to stm32f10x_rcc.o(i.RCC_APB1PeriphClockCmd) for RCC_APB1PeriphClockCmd
    timer.o(i.ConfigTimer5) refers to stm32f10x_tim.o(i.TIM_TimeBaseInit) for TIM_TimeBaseInit
    timer.o(i.ConfigTimer5) refers to stm32f10x_tim.o(i.TIM_ITConfig) for TIM_ITConfig
    timer.o(i.ConfigTimer5) refers to misc.o(i.NVIC_Init) for NVIC_Init
    timer.o(i.ConfigTimer5) refers to stm32f10x_tim.o(i.TIM_Cmd) for TIM_Cmd
    timer.o(i.Get1SecFlag) refers to timer.o(.data) for s_i1secFlag
    timer.o(i.Get2msFlag) refers to timer.o(.data) for s_i2msFlag
    timer.o(i.InitTimer) refers to timer.o(i.ConfigTimer2) for ConfigTimer2
    timer.o(i.InitTimer) refers to timer.o(i.ConfigTimer5) for ConfigTimer5
    timer.o(i.TIM2_IRQHandler) refers to stm32f10x_tim.o(i.TIM_GetITStatus) for TIM_GetITStatus
    timer.o(i.TIM2_IRQHandler) refers to stm32f10x_tim.o(i.TIM_ClearITPendingBit) for TIM_ClearITPendingBit
    timer.o(i.TIM2_IRQHandler) refers to timer.o(.data) for s_iCnt2
    timer.o(i.TIM5_IRQHandler) refers to stm32f10x_tim.o(i.TIM_GetITStatus) for TIM_GetITStatus
    timer.o(i.TIM5_IRQHandler) refers to stm32f10x_tim.o(i.TIM_ClearITPendingBit) for TIM_ClearITPendingBit
    timer.o(i.TIM5_IRQHandler) refers to timer.o(.data) for s_iCnt1000
    uart1.o(i.ConfigUART) refers to stm32f10x_rcc.o(i.RCC_APB2PeriphClockCmd) for RCC_APB2PeriphClockCmd
    uart1.o(i.ConfigUART) refers to stm32f10x_gpio.o(i.GPIO_Init) for GPIO_Init
    uart1.o(i.ConfigUART) refers to stm32f10x_usart.o(i.USART_StructInit) for USART_StructInit
    uart1.o(i.ConfigUART) refers to stm32f10x_usart.o(i.USART_Init) for USART_Init
    uart1.o(i.ConfigUART) refers to misc.o(i.NVIC_Init) for NVIC_Init
    uart1.o(i.ConfigUART) refers to stm32f10x_usart.o(i.USART_ITConfig) for USART_ITConfig
    uart1.o(i.ConfigUART) refers to stm32f10x_usart.o(i.USART_Cmd) for USART_Cmd
    uart1.o(i.ConfigUART) refers to uart1.o(.data) for s_iUARTTxSts
    uart1.o(i.EnableUARTTx) refers to stm32f10x_usart.o(i.USART_ITConfig) for USART_ITConfig
    uart1.o(i.EnableUARTTx) refers to uart1.o(.data) for s_iUARTTxSts
    uart1.o(i.InitUART1) refers to uart1.o(i.InitUARTBuf) for InitUARTBuf
    uart1.o(i.InitUART1) refers to uart1.o(i.ConfigUART) for ConfigUART
    uart1.o(i.InitUARTBuf) refers to queue.o(i.InitQueue) for InitQueue
    uart1.o(i.InitUARTBuf) refers to uart1.o(.bss) for s_arrSendBuf
    uart1.o(i.ReadSendBuf) refers to queue.o(i.DeQueue) for DeQueue
    uart1.o(i.ReadSendBuf) refers to uart1.o(.bss) for s_structUARTSendCirQue
    uart1.o(i.ReadUART1) refers to queue.o(i.DeQueue) for DeQueue
    uart1.o(i.ReadUART1) refers to uart1.o(.bss) for s_structUARTRecCirQue
    uart1.o(i.SendCharUsedByFputc) refers to stm32f10x_usart.o(i.USART_SendData) for USART_SendData
    uart1.o(i.SendCharUsedByFputc) refers to stm32f10x_usart.o(i.USART_GetFlagStatus) for USART_GetFlagStatus
    uart1.o(i.USART1_IRQHandler) refers to stm32f10x_usart.o(i.USART_GetFlagStatus) for USART_GetFlagStatus
    uart1.o(i.USART1_IRQHandler) refers to uart1.o(i.NVIC_ClearPendingIRQ) for NVIC_ClearPendingIRQ
    uart1.o(i.USART1_IRQHandler) refers to stm32f10x_usart.o(i.USART_ReceiveData) for USART_ReceiveData
    uart1.o(i.USART1_IRQHandler) refers to uart1.o(i.WriteReceiveBuf) for WriteReceiveBuf
    uart1.o(i.USART1_IRQHandler) refers to stm32f10x_usart.o(i.USART_ClearFlag) for USART_ClearFlag
    uart1.o(i.USART1_IRQHandler) refers to stm32f10x_usart.o(i.USART_GetITStatus) for USART_GetITStatus
    uart1.o(i.USART1_IRQHandler) refers to stm32f10x_usart.o(i.USART_ClearITPendingBit) for USART_ClearITPendingBit
    uart1.o(i.USART1_IRQHandler) refers to uart1.o(i.ReadSendBuf) for ReadSendBuf
    uart1.o(i.USART1_IRQHandler) refers to stm32f10x_usart.o(i.USART_SendData) for USART_SendData
    uart1.o(i.USART1_IRQHandler) refers to queue.o(i.QueueEmpty) for QueueEmpty
    uart1.o(i.USART1_IRQHandler) refers to stm32f10x_usart.o(i.USART_ITConfig) for USART_ITConfig
    uart1.o(i.USART1_IRQHandler) refers to uart1.o(.bss) for s_structUARTSendCirQue
    uart1.o(i.USART1_IRQHandler) refers to uart1.o(.data) for s_iUARTTxSts
    uart1.o(i.WriteReceiveBuf) refers to queue.o(i.EnQueue) for EnQueue
    uart1.o(i.WriteReceiveBuf) refers to uart1.o(.bss) for s_structUARTRecCirQue
    uart1.o(i.WriteUART1) refers to queue.o(i.EnQueue) for EnQueue
    uart1.o(i.WriteUART1) refers to uart1.o(i.EnableUARTTx) for EnableUARTTx
    uart1.o(i.WriteUART1) refers to uart1.o(.bss) for s_structUARTSendCirQue
    uart1.o(i.WriteUART1) refers to uart1.o(.data) for s_iUARTTxSts
    uart1.o(i.fputc) refers to uart1.o(i.SendCharUsedByFputc) for SendCharUsedByFputc
    uart2.o(i.ConfigUART) refers to stm32f10x_rcc.o(i.RCC_APB1PeriphClockCmd) for RCC_APB1PeriphClockCmd
    uart2.o(i.ConfigUART) refers to stm32f10x_rcc.o(i.RCC_APB2PeriphClockCmd) for RCC_APB2PeriphClockCmd
    uart2.o(i.ConfigUART) refers to stm32f10x_gpio.o(i.GPIO_Init) for GPIO_Init
    uart2.o(i.ConfigUART) refers to stm32f10x_usart.o(i.USART_StructInit) for USART_StructInit
    uart2.o(i.ConfigUART) refers to stm32f10x_usart.o(i.USART_Init) for USART_Init
    uart2.o(i.ConfigUART) refers to misc.o(i.NVIC_Init) for NVIC_Init
    uart2.o(i.ConfigUART) refers to stm32f10x_usart.o(i.USART_ITConfig) for USART_ITConfig
    uart2.o(i.ConfigUART) refers to stm32f10x_usart.o(i.USART_Cmd) for USART_Cmd
    uart2.o(i.ConfigUART) refers to uart2.o(.data) for s_iUARTTxSts
    uart2.o(i.EnableUARTTx) refers to stm32f10x_usart.o(i.USART_ITConfig) for USART_ITConfig
    uart2.o(i.EnableUARTTx) refers to uart2.o(.data) for s_iUARTTxSts
    uart2.o(i.InitUART2) refers to uart2.o(i.InitUARTBuf) for InitUARTBuf
    uart2.o(i.InitUART2) refers to uart2.o(i.ConfigUART) for ConfigUART
    uart2.o(i.InitUARTBuf) refers to queue.o(i.InitQueue) for InitQueue
    uart2.o(i.InitUARTBuf) refers to uart2.o(.bss) for s_arrSendBuf
    uart2.o(i.ReadSendBuf) refers to queue.o(i.DeQueue) for DeQueue
    uart2.o(i.ReadSendBuf) refers to uart2.o(.bss) for s_structUARTSendCirQue
    uart2.o(i.ReadUART2) refers to queue.o(i.DeQueue) for DeQueue
    uart2.o(i.ReadUART2) refers to uart2.o(.bss) for s_structUARTRecCirQue
    uart2.o(i.USART2_IRQHandler) refers to stm32f10x_usart.o(i.USART_GetFlagStatus) for USART_GetFlagStatus
    uart2.o(i.USART2_IRQHandler) refers to uart2.o(i.NVIC_ClearPendingIRQ) for NVIC_ClearPendingIRQ
    uart2.o(i.USART2_IRQHandler) refers to stm32f10x_usart.o(i.USART_ReceiveData) for USART_ReceiveData
    uart2.o(i.USART2_IRQHandler) refers to uart2.o(i.WriteReceiveBuf) for WriteReceiveBuf
    uart2.o(i.USART2_IRQHandler) refers to stm32f10x_usart.o(i.USART_ClearFlag) for USART_ClearFlag
    uart2.o(i.USART2_IRQHandler) refers to stm32f10x_usart.o(i.USART_GetITStatus) for USART_GetITStatus
    uart2.o(i.USART2_IRQHandler) refers to stm32f10x_usart.o(i.USART_ClearITPendingBit) for USART_ClearITPendingBit
    uart2.o(i.USART2_IRQHandler) refers to uart2.o(i.ReadSendBuf) for ReadSendBuf
    uart2.o(i.USART2_IRQHandler) refers to stm32f10x_usart.o(i.USART_SendData) for USART_SendData
    uart2.o(i.USART2_IRQHandler) refers to queue.o(i.QueueEmpty) for QueueEmpty
    uart2.o(i.USART2_IRQHandler) refers to stm32f10x_usart.o(i.USART_ITConfig) for USART_ITConfig
    uart2.o(i.USART2_IRQHandler) refers to uart2.o(.bss) for s_structUARTSendCirQue
    uart2.o(i.USART2_IRQHandler) refers to uart2.o(.data) for s_iUARTTxSts
    uart2.o(i.WriteReceiveBuf) refers to queue.o(i.EnQueue) for EnQueue
    uart2.o(i.WriteReceiveBuf) refers to uart2.o(.bss) for s_structUARTRecCirQue
    uart2.o(i.WriteUART2) refers to queue.o(i.EnQueue) for EnQueue
    uart2.o(i.WriteUART2) refers to uart2.o(i.EnableUARTTx) for EnableUARTTx
    uart2.o(i.WriteUART2) refers to uart2.o(.bss) for s_structUARTSendCirQue
    uart2.o(i.WriteUART2) refers to uart2.o(.data) for s_iUARTTxSts
    stm32f10x_flash.o(i.FLASH_EnableWriteProtection) refers to stm32f10x_flash.o(i.FLASH_WaitForLastOperation) for FLASH_WaitForLastOperation
    stm32f10x_flash.o(i.FLASH_EraseAllBank1Pages) refers to stm32f10x_flash.o(i.FLASH_WaitForLastBank1Operation) for FLASH_WaitForLastBank1Operation
    stm32f10x_flash.o(i.FLASH_EraseAllPages) refers to stm32f10x_flash.o(i.FLASH_WaitForLastOperation) for FLASH_WaitForLastOperation
    stm32f10x_flash.o(i.FLASH_EraseOptionBytes) refers to stm32f10x_flash.o(i.FLASH_GetReadOutProtectionStatus) for FLASH_GetReadOutProtectionStatus
    stm32f10x_flash.o(i.FLASH_EraseOptionBytes) refers to stm32f10x_flash.o(i.FLASH_WaitForLastOperation) for FLASH_WaitForLastOperation
    stm32f10x_flash.o(i.FLASH_ErasePage) refers to stm32f10x_flash.o(i.FLASH_WaitForLastOperation) for FLASH_WaitForLastOperation
    stm32f10x_flash.o(i.FLASH_ProgramHalfWord) refers to stm32f10x_flash.o(i.FLASH_WaitForLastOperation) for FLASH_WaitForLastOperation
    stm32f10x_flash.o(i.FLASH_ProgramOptionByteData) refers to stm32f10x_flash.o(i.FLASH_WaitForLastOperation) for FLASH_WaitForLastOperation
    stm32f10x_flash.o(i.FLASH_ProgramWord) refers to stm32f10x_flash.o(i.FLASH_WaitForLastOperation) for FLASH_WaitForLastOperation
    stm32f10x_flash.o(i.FLASH_ReadOutProtection) refers to stm32f10x_flash.o(i.FLASH_WaitForLastOperation) for FLASH_WaitForLastOperation
    stm32f10x_flash.o(i.FLASH_UserOptionByteConfig) refers to stm32f10x_flash.o(i.FLASH_WaitForLastOperation) for FLASH_WaitForLastOperation
    stm32f10x_flash.o(i.FLASH_WaitForLastBank1Operation) refers to stm32f10x_flash.o(i.FLASH_GetBank1Status) for FLASH_GetBank1Status
    stm32f10x_flash.o(i.FLASH_WaitForLastOperation) refers to stm32f10x_flash.o(i.FLASH_GetBank1Status) for FLASH_GetBank1Status
    stm32f10x_gpio.o(i.GPIO_AFIODeInit) refers to stm32f10x_rcc.o(i.RCC_APB2PeriphResetCmd) for RCC_APB2PeriphResetCmd
    stm32f10x_gpio.o(i.GPIO_DeInit) refers to stm32f10x_rcc.o(i.RCC_APB2PeriphResetCmd) for RCC_APB2PeriphResetCmd
    stm32f10x_rcc.o(i.RCC_GetClocksFreq) refers to stm32f10x_rcc.o(.data) for APBAHBPrescTable
    stm32f10x_rcc.o(i.RCC_WaitForHSEStartUp) refers to stm32f10x_rcc.o(i.RCC_GetFlagStatus) for RCC_GetFlagStatus
    stm32f10x_tim.o(i.TIM_DeInit) refers to stm32f10x_rcc.o(i.RCC_APB2PeriphResetCmd) for RCC_APB2PeriphResetCmd
    stm32f10x_tim.o(i.TIM_DeInit) refers to stm32f10x_rcc.o(i.RCC_APB1PeriphResetCmd) for RCC_APB1PeriphResetCmd
    stm32f10x_tim.o(i.TIM_ETRClockMode1Config) refers to stm32f10x_tim.o(i.TIM_ETRConfig) for TIM_ETRConfig
    stm32f10x_tim.o(i.TIM_ETRClockMode2Config) refers to stm32f10x_tim.o(i.TIM_ETRConfig) for TIM_ETRConfig
    stm32f10x_tim.o(i.TIM_ICInit) refers to stm32f10x_tim.o(i.TI1_Config) for TI1_Config
    stm32f10x_tim.o(i.TIM_ICInit) refers to stm32f10x_tim.o(i.TIM_SetIC1Prescaler) for TIM_SetIC1Prescaler
    stm32f10x_tim.o(i.TIM_ICInit) refers to stm32f10x_tim.o(i.TI2_Config) for TI2_Config
    stm32f10x_tim.o(i.TIM_ICInit) refers to stm32f10x_tim.o(i.TIM_SetIC2Prescaler) for TIM_SetIC2Prescaler
    stm32f10x_tim.o(i.TIM_ICInit) refers to stm32f10x_tim.o(i.TI3_Config) for TI3_Config
    stm32f10x_tim.o(i.TIM_ICInit) refers to stm32f10x_tim.o(i.TIM_SetIC3Prescaler) for TIM_SetIC3Prescaler
    stm32f10x_tim.o(i.TIM_ICInit) refers to stm32f10x_tim.o(i.TI4_Config) for TI4_Config
    stm32f10x_tim.o(i.TIM_ICInit) refers to stm32f10x_tim.o(i.TIM_SetIC4Prescaler) for TIM_SetIC4Prescaler
    stm32f10x_tim.o(i.TIM_ITRxExternalClockConfig) refers to stm32f10x_tim.o(i.TIM_SelectInputTrigger) for TIM_SelectInputTrigger
    stm32f10x_tim.o(i.TIM_PWMIConfig) refers to stm32f10x_tim.o(i.TI1_Config) for TI1_Config
    stm32f10x_tim.o(i.TIM_PWMIConfig) refers to stm32f10x_tim.o(i.TIM_SetIC1Prescaler) for TIM_SetIC1Prescaler
    stm32f10x_tim.o(i.TIM_PWMIConfig) refers to stm32f10x_tim.o(i.TI2_Config) for TI2_Config
    stm32f10x_tim.o(i.TIM_PWMIConfig) refers to stm32f10x_tim.o(i.TIM_SetIC2Prescaler) for TIM_SetIC2Prescaler
    stm32f10x_tim.o(i.TIM_TIxExternalClockConfig) refers to stm32f10x_tim.o(i.TI2_Config) for TI2_Config
    stm32f10x_tim.o(i.TIM_TIxExternalClockConfig) refers to stm32f10x_tim.o(i.TI1_Config) for TI1_Config
    stm32f10x_tim.o(i.TIM_TIxExternalClockConfig) refers to stm32f10x_tim.o(i.TIM_SelectInputTrigger) for TIM_SelectInputTrigger
    stm32f10x_usart.o(i.USART_DeInit) refers to stm32f10x_rcc.o(i.RCC_APB2PeriphResetCmd) for RCC_APB2PeriphResetCmd
    stm32f10x_usart.o(i.USART_DeInit) refers to stm32f10x_rcc.o(i.RCC_APB1PeriphResetCmd) for RCC_APB1PeriphResetCmd
    stm32f10x_usart.o(i.USART_Init) refers to stm32f10x_rcc.o(i.RCC_GetClocksFreq) for RCC_GetClocksFreq
    nvic.o(i.ConfigNVIC) refers to misc.o(i.NVIC_PriorityGroupConfig) for NVIC_PriorityGroupConfig
    nvic.o(i.InitNVIC) refers to nvic.o(i.ConfigNVIC) for ConfigNVIC
    systick.o(i.DelayNms) refers to systick.o(.data) for s_iTimDelayCnt
    systick.o(i.InitSysTick) refers to system_stm32f10x.o(.data) for SystemCoreClock
    systick.o(i.SysTick_Handler) refers to systick.o(i.TimDelayDec) for TimDelayDec
    systick.o(i.TimDelayDec) refers to systick.o(.data) for s_iTimDelayCnt
    system_stm32f10x.o(i.SetSysClock) refers to system_stm32f10x.o(i.SetSysClockTo72) for SetSysClockTo72
    system_stm32f10x.o(i.SystemCoreClockUpdate) refers to system_stm32f10x.o(.data) for SystemCoreClock
    system_stm32f10x.o(i.SystemInit) refers to system_stm32f10x.o(i.SetSysClock) for SetSysClock
    startup_stm32f10x_hd.o(RESET) refers to startup_stm32f10x_hd.o(STACK) for __initial_sp
    startup_stm32f10x_hd.o(RESET) refers to startup_stm32f10x_hd.o(.text) for Reset_Handler
    startup_stm32f10x_hd.o(RESET) refers to stm32f10x_it.o(i.NMI_Handler) for NMI_Handler
    startup_stm32f10x_hd.o(RESET) refers to stm32f10x_it.o(i.HardFault_Handler) for HardFault_Handler
    startup_stm32f10x_hd.o(RESET) refers to stm32f10x_it.o(i.MemManage_Handler) for MemManage_Handler
    startup_stm32f10x_hd.o(RESET) refers to stm32f10x_it.o(i.BusFault_Handler) for BusFault_Handler
    startup_stm32f10x_hd.o(RESET) refers to stm32f10x_it.o(i.UsageFault_Handler) for UsageFault_Handler
    startup_stm32f10x_hd.o(RESET) refers to stm32f10x_it.o(i.SVC_Handler) for SVC_Handler
    startup_stm32f10x_hd.o(RESET) refers to stm32f10x_it.o(i.DebugMon_Handler) for DebugMon_Handler
    startup_stm32f10x_hd.o(RESET) refers to stm32f10x_it.o(i.PendSV_Handler) for PendSV_Handler
    startup_stm32f10x_hd.o(RESET) refers to systick.o(i.SysTick_Handler) for SysTick_Handler
    startup_stm32f10x_hd.o(RESET) refers to timer.o(i.TIM2_IRQHandler) for TIM2_IRQHandler
    startup_stm32f10x_hd.o(RESET) refers to uart1.o(i.USART1_IRQHandler) for USART1_IRQHandler
    startup_stm32f10x_hd.o(RESET) refers to uart2.o(i.USART2_IRQHandler) for USART2_IRQHandler
    startup_stm32f10x_hd.o(RESET) refers to timer.o(i.TIM5_IRQHandler) for TIM5_IRQHandler
    startup_stm32f10x_hd.o(.text) refers to system_stm32f10x.o(i.SystemInit) for SystemInit
    startup_stm32f10x_hd.o(.text) refers to entry.o(.ARM.Collect$$$$00000000) for __main
    entry.o(.ARM.Collect$$$$00000000) refers (Special) to entry10a.o(.ARM.Collect$$$$0000000D) for __rt_final_cpp
    entry.o(.ARM.Collect$$$$00000000) refers (Special) to entry11a.o(.ARM.Collect$$$$0000000F) for __rt_final_exit
    entry.o(.ARM.Collect$$$$00000000) refers (Special) to entry7b.o(.ARM.Collect$$$$00000008) for _main_clock
    entry.o(.ARM.Collect$$$$00000000) refers (Special) to entry8b.o(.ARM.Collect$$$$0000000A) for _main_cpp_init
    entry.o(.ARM.Collect$$$$00000000) refers (Special) to entry9a.o(.ARM.Collect$$$$0000000B) for _main_init
    entry.o(.ARM.Collect$$$$00000000) refers (Special) to entry5.o(.ARM.Collect$$$$00000004) for _main_scatterload
    entry.o(.ARM.Collect$$$$00000000) refers (Special) to entry2.o(.ARM.Collect$$$$00000001) for _main_stk
    entry2.o(.ARM.Collect$$$$00000001) refers to entry2.o(.ARM.Collect$$$$00002712) for __lit__00000000
    entry2.o(.ARM.Collect$$$$00002712) refers to startup_stm32f10x_hd.o(STACK) for __initial_sp
    entry2.o(__vectab_stack_and_reset_area) refers to startup_stm32f10x_hd.o(STACK) for __initial_sp
    entry2.o(__vectab_stack_and_reset_area) refers to entry.o(.ARM.Collect$$$$00000000) for __main
    entry5.o(.ARM.Collect$$$$00000004) refers to init.o(.text) for __scatterload
    entry9a.o(.ARM.Collect$$$$0000000B) refers to main.o(i.main) for main
    entry9b.o(.ARM.Collect$$$$0000000C) refers to main.o(i.main) for main
    init.o(.text) refers to entry5.o(.ARM.Collect$$$$00000004) for __main_after_scatterload


==============================================================================

Removing Unused input sections from the image.

    Removing queue.o(i.ClearQueue), (10 bytes).
    Removing queue.o(i.QueueLength), (8 bytes).
    Removing uart1.o(i.SendCharUsedByFputc), (32 bytes).
    Removing uart1.o(i.fputc), (16 bytes).
    Removing misc.o(i.NVIC_SetVectorTable), (20 bytes).
    Removing misc.o(i.NVIC_SystemLPConfig), (32 bytes).
    Removing misc.o(i.SysTick_CLKSourceConfig), (40 bytes).
    Removing stm32f10x_flash.o(i.FLASH_ClearFlag), (12 bytes).
    Removing stm32f10x_flash.o(i.FLASH_EnableWriteProtection), (196 bytes).
    Removing stm32f10x_flash.o(i.FLASH_EraseAllBank1Pages), (72 bytes).
    Removing stm32f10x_flash.o(i.FLASH_EraseAllPages), (72 bytes).
    Removing stm32f10x_flash.o(i.FLASH_EraseOptionBytes), (168 bytes).
    Removing stm32f10x_flash.o(i.FLASH_ErasePage), (76 bytes).
    Removing stm32f10x_flash.o(i.FLASH_GetBank1Status), (52 bytes).
    Removing stm32f10x_flash.o(i.FLASH_GetFlagStatus), (48 bytes).
    Removing stm32f10x_flash.o(i.FLASH_GetPrefetchBufferStatus), (24 bytes).
    Removing stm32f10x_flash.o(i.FLASH_GetReadOutProtectionStatus), (24 bytes).
    Removing stm32f10x_flash.o(i.FLASH_GetStatus), (52 bytes).
    Removing stm32f10x_flash.o(i.FLASH_GetUserOptionByte), (12 bytes).
    Removing stm32f10x_flash.o(i.FLASH_GetWriteProtectionOptionByte), (12 bytes).
    Removing stm32f10x_flash.o(i.FLASH_HalfCycleAccessCmd), (28 bytes).
    Removing stm32f10x_flash.o(i.FLASH_ITConfig), (32 bytes).
    Removing stm32f10x_flash.o(i.FLASH_Lock), (20 bytes).
    Removing stm32f10x_flash.o(i.FLASH_LockBank1), (20 bytes).
    Removing stm32f10x_flash.o(i.FLASH_ProgramHalfWord), (64 bytes).
    Removing stm32f10x_flash.o(i.FLASH_ProgramOptionByteData), (84 bytes).
    Removing stm32f10x_flash.o(i.FLASH_ProgramWord), (108 bytes).
    Removing stm32f10x_flash.o(i.FLASH_ReadOutProtection), (172 bytes).
    Removing stm32f10x_flash.o(i.FLASH_Unlock), (24 bytes).
    Removing stm32f10x_flash.o(i.FLASH_UnlockBank1), (24 bytes).
    Removing stm32f10x_flash.o(i.FLASH_UserOptionByteConfig), (104 bytes).
    Removing stm32f10x_flash.o(i.FLASH_WaitForLastBank1Operation), (38 bytes).
    Removing stm32f10x_flash.o(i.FLASH_WaitForLastOperation), (38 bytes).
    Removing stm32f10x_gpio.o(i.GPIO_AFIODeInit), (20 bytes).
    Removing stm32f10x_gpio.o(i.GPIO_DeInit), (200 bytes).
    Removing stm32f10x_gpio.o(i.GPIO_ETH_MediaInterfaceConfig), (12 bytes).
    Removing stm32f10x_gpio.o(i.GPIO_EXTILineConfig), (64 bytes).
    Removing stm32f10x_gpio.o(i.GPIO_EventOutputCmd), (12 bytes).
    Removing stm32f10x_gpio.o(i.GPIO_EventOutputConfig), (32 bytes).
    Removing stm32f10x_gpio.o(i.GPIO_PinLockConfig), (18 bytes).
    Removing stm32f10x_gpio.o(i.GPIO_PinRemapConfig), (144 bytes).
    Removing stm32f10x_gpio.o(i.GPIO_ReadInputData), (8 bytes).
    Removing stm32f10x_gpio.o(i.GPIO_ReadInputDataBit), (18 bytes).
    Removing stm32f10x_gpio.o(i.GPIO_ReadOutputData), (8 bytes).
    Removing stm32f10x_gpio.o(i.GPIO_ResetBits), (4 bytes).
    Removing stm32f10x_gpio.o(i.GPIO_SetBits), (4 bytes).
    Removing stm32f10x_gpio.o(i.GPIO_StructInit), (16 bytes).
    Removing stm32f10x_gpio.o(i.GPIO_Write), (4 bytes).
    Removing stm32f10x_rcc.o(i.RCC_ADCCLKConfig), (24 bytes).
    Removing stm32f10x_rcc.o(i.RCC_AHBPeriphClockCmd), (32 bytes).
    Removing stm32f10x_rcc.o(i.RCC_APB1PeriphResetCmd), (32 bytes).
    Removing stm32f10x_rcc.o(i.RCC_APB2PeriphResetCmd), (32 bytes).
    Removing stm32f10x_rcc.o(i.RCC_AdjustHSICalibrationValue), (24 bytes).
    Removing stm32f10x_rcc.o(i.RCC_BackupResetCmd), (12 bytes).
    Removing stm32f10x_rcc.o(i.RCC_ClearFlag), (20 bytes).
    Removing stm32f10x_rcc.o(i.RCC_ClearITPendingBit), (12 bytes).
    Removing stm32f10x_rcc.o(i.RCC_ClockSecuritySystemCmd), (12 bytes).
    Removing stm32f10x_rcc.o(i.RCC_GetITStatus), (24 bytes).
    Removing stm32f10x_rcc.o(i.RCC_HSICmd), (12 bytes).
    Removing stm32f10x_rcc.o(i.RCC_ITConfig), (32 bytes).
    Removing stm32f10x_rcc.o(i.RCC_LSEConfig), (52 bytes).
    Removing stm32f10x_rcc.o(i.RCC_LSICmd), (12 bytes).
    Removing stm32f10x_rcc.o(i.RCC_MCOConfig), (12 bytes).
    Removing stm32f10x_rcc.o(i.RCC_RTCCLKCmd), (12 bytes).
    Removing stm32f10x_rcc.o(i.RCC_RTCCLKConfig), (16 bytes).
    Removing stm32f10x_rcc.o(i.RCC_USBCLKConfig), (12 bytes).
    Removing stm32f10x_tim.o(i.TI1_Config), (128 bytes).
    Removing stm32f10x_tim.o(i.TI2_Config), (152 bytes).
    Removing stm32f10x_tim.o(i.TI3_Config), (144 bytes).
    Removing stm32f10x_tim.o(i.TI4_Config), (152 bytes).
    Removing stm32f10x_tim.o(i.TIM_ARRPreloadConfig), (24 bytes).
    Removing stm32f10x_tim.o(i.TIM_BDTRConfig), (32 bytes).
    Removing stm32f10x_tim.o(i.TIM_BDTRStructInit), (18 bytes).
    Removing stm32f10x_tim.o(i.TIM_CCPreloadControl), (24 bytes).
    Removing stm32f10x_tim.o(i.TIM_CCxCmd), (30 bytes).
    Removing stm32f10x_tim.o(i.TIM_CCxNCmd), (30 bytes).
    Removing stm32f10x_tim.o(i.TIM_ClearFlag), (6 bytes).
    Removing stm32f10x_tim.o(i.TIM_ClearOC1Ref), (18 bytes).
    Removing stm32f10x_tim.o(i.TIM_ClearOC2Ref), (24 bytes).
    Removing stm32f10x_tim.o(i.TIM_ClearOC3Ref), (18 bytes).
    Removing stm32f10x_tim.o(i.TIM_ClearOC4Ref), (24 bytes).
    Removing stm32f10x_tim.o(i.TIM_CounterModeConfig), (18 bytes).
    Removing stm32f10x_tim.o(i.TIM_CtrlPWMOutputs), (30 bytes).
    Removing stm32f10x_tim.o(i.TIM_DMACmd), (18 bytes).
    Removing stm32f10x_tim.o(i.TIM_DMAConfig), (10 bytes).
    Removing stm32f10x_tim.o(i.TIM_DeInit), (488 bytes).
    Removing stm32f10x_tim.o(i.TIM_ETRClockMode1Config), (54 bytes).
    Removing stm32f10x_tim.o(i.TIM_ETRClockMode2Config), (32 bytes).
    Removing stm32f10x_tim.o(i.TIM_ETRConfig), (28 bytes).
    Removing stm32f10x_tim.o(i.TIM_EncoderInterfaceConfig), (66 bytes).
    Removing stm32f10x_tim.o(i.TIM_ForcedOC1Config), (18 bytes).
    Removing stm32f10x_tim.o(i.TIM_ForcedOC2Config), (26 bytes).
    Removing stm32f10x_tim.o(i.TIM_ForcedOC3Config), (18 bytes).
    Removing stm32f10x_tim.o(i.TIM_ForcedOC4Config), (26 bytes).
    Removing stm32f10x_tim.o(i.TIM_GenerateEvent), (4 bytes).
    Removing stm32f10x_tim.o(i.TIM_GetCapture1), (6 bytes).
    Removing stm32f10x_tim.o(i.TIM_GetCapture2), (6 bytes).
    Removing stm32f10x_tim.o(i.TIM_GetCapture3), (6 bytes).
    Removing stm32f10x_tim.o(i.TIM_GetCapture4), (8 bytes).
    Removing stm32f10x_tim.o(i.TIM_GetCounter), (6 bytes).
    Removing stm32f10x_tim.o(i.TIM_GetFlagStatus), (18 bytes).
    Removing stm32f10x_tim.o(i.TIM_GetPrescaler), (6 bytes).
    Removing stm32f10x_tim.o(i.TIM_ICInit), (172 bytes).
    Removing stm32f10x_tim.o(i.TIM_ICStructInit), (18 bytes).
    Removing stm32f10x_tim.o(i.TIM_ITRxExternalClockConfig), (24 bytes).
    Removing stm32f10x_tim.o(i.TIM_InternalClockConfig), (12 bytes).
    Removing stm32f10x_tim.o(i.TIM_OC1FastConfig), (18 bytes).
    Removing stm32f10x_tim.o(i.TIM_OC1Init), (152 bytes).
    Removing stm32f10x_tim.o(i.TIM_OC1NPolarityConfig), (18 bytes).
    Removing stm32f10x_tim.o(i.TIM_OC1PolarityConfig), (18 bytes).
    Removing stm32f10x_tim.o(i.TIM_OC1PreloadConfig), (18 bytes).
    Removing stm32f10x_tim.o(i.TIM_OC2FastConfig), (26 bytes).
    Removing stm32f10x_tim.o(i.TIM_OC2Init), (164 bytes).
    Removing stm32f10x_tim.o(i.TIM_OC2NPolarityConfig), (26 bytes).
    Removing stm32f10x_tim.o(i.TIM_OC2PolarityConfig), (26 bytes).
    Removing stm32f10x_tim.o(i.TIM_OC2PreloadConfig), (26 bytes).
    Removing stm32f10x_tim.o(i.TIM_OC3FastConfig), (18 bytes).
    Removing stm32f10x_tim.o(i.TIM_OC3Init), (160 bytes).
    Removing stm32f10x_tim.o(i.TIM_OC3NPolarityConfig), (26 bytes).
    Removing stm32f10x_tim.o(i.TIM_OC3PolarityConfig), (26 bytes).
    Removing stm32f10x_tim.o(i.TIM_OC3PreloadConfig), (18 bytes).
    Removing stm32f10x_tim.o(i.TIM_OC4FastConfig), (26 bytes).
    Removing stm32f10x_tim.o(i.TIM_OC4Init), (124 bytes).
    Removing stm32f10x_tim.o(i.TIM_OC4PolarityConfig), (26 bytes).
    Removing stm32f10x_tim.o(i.TIM_OC4PreloadConfig), (26 bytes).
    Removing stm32f10x_tim.o(i.TIM_OCStructInit), (20 bytes).
    Removing stm32f10x_tim.o(i.TIM_PWMIConfig), (124 bytes).
    Removing stm32f10x_tim.o(i.TIM_PrescalerConfig), (6 bytes).
    Removing stm32f10x_tim.o(i.TIM_SelectCCDMA), (24 bytes).
    Removing stm32f10x_tim.o(i.TIM_SelectCOM), (24 bytes).
    Removing stm32f10x_tim.o(i.TIM_SelectHallSensor), (24 bytes).
    Removing stm32f10x_tim.o(i.TIM_SelectInputTrigger), (18 bytes).
    Removing stm32f10x_tim.o(i.TIM_SelectMasterSlaveMode), (18 bytes).
    Removing stm32f10x_tim.o(i.TIM_SelectOCxM), (82 bytes).
    Removing stm32f10x_tim.o(i.TIM_SelectOnePulseMode), (18 bytes).
    Removing stm32f10x_tim.o(i.TIM_SelectOutputTrigger), (18 bytes).
    Removing stm32f10x_tim.o(i.TIM_SelectSlaveMode), (18 bytes).
    Removing stm32f10x_tim.o(i.TIM_SetAutoreload), (4 bytes).
    Removing stm32f10x_tim.o(i.TIM_SetClockDivision), (18 bytes).
    Removing stm32f10x_tim.o(i.TIM_SetCompare1), (4 bytes).
    Removing stm32f10x_tim.o(i.TIM_SetCompare2), (4 bytes).
    Removing stm32f10x_tim.o(i.TIM_SetCompare3), (4 bytes).
    Removing stm32f10x_tim.o(i.TIM_SetCompare4), (6 bytes).
    Removing stm32f10x_tim.o(i.TIM_SetCounter), (4 bytes).
    Removing stm32f10x_tim.o(i.TIM_SetIC1Prescaler), (18 bytes).
    Removing stm32f10x_tim.o(i.TIM_SetIC2Prescaler), (26 bytes).
    Removing stm32f10x_tim.o(i.TIM_SetIC3Prescaler), (18 bytes).
    Removing stm32f10x_tim.o(i.TIM_SetIC4Prescaler), (26 bytes).
    Removing stm32f10x_tim.o(i.TIM_TIxExternalClockConfig), (62 bytes).
    Removing stm32f10x_tim.o(i.TIM_TimeBaseStructInit), (18 bytes).
    Removing stm32f10x_tim.o(i.TIM_UpdateDisableConfig), (24 bytes).
    Removing stm32f10x_tim.o(i.TIM_UpdateRequestConfig), (24 bytes).
    Removing stm32f10x_usart.o(i.USART_ClockInit), (34 bytes).
    Removing stm32f10x_usart.o(i.USART_ClockStructInit), (12 bytes).
    Removing stm32f10x_usart.o(i.USART_DMACmd), (18 bytes).
    Removing stm32f10x_usart.o(i.USART_DeInit), (156 bytes).
    Removing stm32f10x_usart.o(i.USART_HalfDuplexCmd), (24 bytes).
    Removing stm32f10x_usart.o(i.USART_IrDACmd), (24 bytes).
    Removing stm32f10x_usart.o(i.USART_IrDAConfig), (18 bytes).
    Removing stm32f10x_usart.o(i.USART_LINBreakDetectLengthConfig), (18 bytes).
    Removing stm32f10x_usart.o(i.USART_LINCmd), (24 bytes).
    Removing stm32f10x_usart.o(i.USART_OneBitMethodCmd), (24 bytes).
    Removing stm32f10x_usart.o(i.USART_OverSampling8Cmd), (22 bytes).
    Removing stm32f10x_usart.o(i.USART_ReceiverWakeUpCmd), (24 bytes).
    Removing stm32f10x_usart.o(i.USART_SendBreak), (10 bytes).
    Removing stm32f10x_usart.o(i.USART_SetAddress), (18 bytes).
    Removing stm32f10x_usart.o(i.USART_SetGuardTime), (16 bytes).
    Removing stm32f10x_usart.o(i.USART_SetPrescaler), (16 bytes).
    Removing stm32f10x_usart.o(i.USART_SmartCardCmd), (24 bytes).
    Removing stm32f10x_usart.o(i.USART_SmartCardNACKCmd), (24 bytes).
    Removing stm32f10x_usart.o(i.USART_WakeUpConfig), (18 bytes).
    Removing systick.o(i.DelayNms), (24 bytes).
    Removing systick.o(i.DelayNus), (26 bytes).
    Removing core_cm3.o(.emb_text), (32 bytes).
    Removing system_stm32f10x.o(i.SystemCoreClockUpdate), (164 bytes).
    Removing startup_stm32f10x_hd.o(HEAP), (512 bytes).

176 unused section(s) (total 7502 bytes) removed from the image.

==============================================================================

Image Symbol Table

    Local Symbols

    Symbol Name                              Value     Ov Type        Size  Object(Section)

    ../clib/microlib/init/entry.s            0x00000000   Number         0  entry8b.o ABSOLUTE
    ../clib/microlib/init/entry.s            0x00000000   Number         0  entry.o ABSOLUTE
    ../clib/microlib/init/entry.s            0x00000000   Number         0  entry11a.o ABSOLUTE
    ../clib/microlib/init/entry.s            0x00000000   Number         0  entry10b.o ABSOLUTE
    ../clib/microlib/init/entry.s            0x00000000   Number         0  entry5.o ABSOLUTE
    ../clib/microlib/init/entry.s            0x00000000   Number         0  entry10a.o ABSOLUTE
    ../clib/microlib/init/entry.s            0x00000000   Number         0  entry9b.o ABSOLUTE
    ../clib/microlib/init/entry.s            0x00000000   Number         0  entry9a.o ABSOLUTE
    ../clib/microlib/init/entry.s            0x00000000   Number         0  entry2.o ABSOLUTE
    ../clib/microlib/init/entry.s            0x00000000   Number         0  entry8a.o ABSOLUTE
    ../clib/microlib/init/entry.s            0x00000000   Number         0  entry11b.o ABSOLUTE
    ../clib/microlib/init/entry.s            0x00000000   Number         0  entry7b.o ABSOLUTE
    ../clib/microlib/init/entry.s            0x00000000   Number         0  entry7a.o ABSOLUTE
    ..\ARM\NVIC\NVIC.c                       0x00000000   Number         0  nvic.o ABSOLUTE
    ..\ARM\SysTick\SysTick.c                 0x00000000   Number         0  systick.o ABSOLUTE
    ..\ARM\System\core_cm3.c                 0x00000000   Number         0  core_cm3.o ABSOLUTE
    ..\ARM\System\startup_stm32f10x_hd.s     0x00000000   Number         0  startup_stm32f10x_hd.o ABSOLUTE
    ..\ARM\System\stm32f10x_it.c             0x00000000   Number         0  stm32f10x_it.o ABSOLUTE
    ..\ARM\System\system_stm32f10x.c         0x00000000   Number         0  system_stm32f10x.o ABSOLUTE
    ..\App\LED\LED.c                         0x00000000   Number         0  led.o ABSOLUTE
    ..\App\Main\Main.c                       0x00000000   Number         0  main.o ABSOLUTE
    ..\FW\src\misc.c                         0x00000000   Number         0  misc.o ABSOLUTE
    ..\FW\src\stm32f10x_flash.c              0x00000000   Number         0  stm32f10x_flash.o ABSOLUTE
    ..\FW\src\stm32f10x_gpio.c               0x00000000   Number         0  stm32f10x_gpio.o ABSOLUTE
    ..\FW\src\stm32f10x_rcc.c                0x00000000   Number         0  stm32f10x_rcc.o ABSOLUTE
    ..\FW\src\stm32f10x_tim.c                0x00000000   Number         0  stm32f10x_tim.o ABSOLUTE
    ..\FW\src\stm32f10x_usart.c              0x00000000   Number         0  stm32f10x_usart.o ABSOLUTE
    ..\HW\RCC\RCC.c                          0x00000000   Number         0  rcc.o ABSOLUTE
    ..\HW\Timer\Timer.c                      0x00000000   Number         0  timer.o ABSOLUTE
    ..\HW\UART1\Queue.c                      0x00000000   Number         0  queue.o ABSOLUTE
    ..\HW\UART1\UART1.c                      0x00000000   Number         0  uart1.o ABSOLUTE
    ..\HW\UART2\UART2.c                      0x00000000   Number         0  uart2.o ABSOLUTE
    ..\\ARM\\System\\core_cm3.c              0x00000000   Number         0  core_cm3.o ABSOLUTE
    dc.s                                     0x00000000   Number         0  dc.o ABSOLUTE
    handlers.s                               0x00000000   Number         0  handlers.o ABSOLUTE
    init.s                                   0x00000000   Number         0  init.o ABSOLUTE
    RESET                                    0x08000000   Section      304  startup_stm32f10x_hd.o(RESET)
    .ARM.Collect$$$$00000000                 0x08000130   Section        0  entry.o(.ARM.Collect$$$$00000000)
    .ARM.Collect$$$$00000001                 0x08000130   Section        4  entry2.o(.ARM.Collect$$$$00000001)
    .ARM.Collect$$$$00000004                 0x08000134   Section        4  entry5.o(.ARM.Collect$$$$00000004)
    .ARM.Collect$$$$00000008                 0x08000138   Section        0  entry7b.o(.ARM.Collect$$$$00000008)
    .ARM.Collect$$$$0000000A                 0x08000138   Section        0  entry8b.o(.ARM.Collect$$$$0000000A)
    .ARM.Collect$$$$0000000B                 0x08000138   Section        8  entry9a.o(.ARM.Collect$$$$0000000B)
    .ARM.Collect$$$$0000000D                 0x08000140   Section        0  entry10a.o(.ARM.Collect$$$$0000000D)
    .ARM.Collect$$$$0000000F                 0x08000140   Section        0  entry11a.o(.ARM.Collect$$$$0000000F)
    .ARM.Collect$$$$00002712                 0x08000140   Section        4  entry2.o(.ARM.Collect$$$$00002712)
    __lit__00000000                          0x08000140   Data           4  entry2.o(.ARM.Collect$$$$00002712)
    .text                                    0x08000144   Section       36  startup_stm32f10x_hd.o(.text)
    .text                                    0x08000168   Section       36  init.o(.text)
    i.BusFault_Handler                       0x0800018c   Section        0  stm32f10x_it.o(i.BusFault_Handler)
    i.Clr1SecFlag                            0x08000190   Section        0  timer.o(i.Clr1SecFlag)
    i.Clr2msFlag                             0x0800019c   Section        0  timer.o(i.Clr2msFlag)
    i.ConfigLEDGPIO                          0x080001a8   Section        0  led.o(i.ConfigLEDGPIO)
    ConfigLEDGPIO                            0x080001a9   Thumb Code    84  led.o(i.ConfigLEDGPIO)
    i.ConfigNVIC                             0x08000200   Section        0  nvic.o(i.ConfigNVIC)
    ConfigNVIC                               0x08000201   Thumb Code    12  nvic.o(i.ConfigNVIC)
    i.ConfigRCC                              0x0800020c   Section        0  rcc.o(i.ConfigRCC)
    ConfigRCC                                0x0800020d   Thumb Code   100  rcc.o(i.ConfigRCC)
    i.ConfigTimer2                           0x08000270   Section        0  timer.o(i.ConfigTimer2)
    ConfigTimer2                             0x08000271   Thumb Code    92  timer.o(i.ConfigTimer2)
    i.ConfigTimer5                           0x080002cc   Section        0  timer.o(i.ConfigTimer5)
    ConfigTimer5                             0x080002cd   Thumb Code    90  timer.o(i.ConfigTimer5)
    i.ConfigUART                             0x0800032c   Section        0  uart1.o(i.ConfigUART)
    ConfigUART                               0x0800032d   Thumb Code   182  uart1.o(i.ConfigUART)
    i.ConfigUART                             0x080003f0   Section        0  uart2.o(i.ConfigUART)
    ConfigUART                               0x080003f1   Thumb Code   178  uart2.o(i.ConfigUART)
    i.DeQueue                                0x080004b0   Section        0  queue.o(i.DeQueue)
    i.DebugMon_Handler                       0x080004f4   Section        0  stm32f10x_it.o(i.DebugMon_Handler)
    i.EnQueue                                0x080004f6   Section        0  queue.o(i.EnQueue)
    i.EnableUARTTx                           0x08000540   Section        0  uart1.o(i.EnableUARTTx)
    EnableUARTTx                             0x08000541   Thumb Code    22  uart1.o(i.EnableUARTTx)
    i.EnableUARTTx                           0x08000560   Section        0  uart2.o(i.EnableUARTTx)
    EnableUARTTx                             0x08000561   Thumb Code    22  uart2.o(i.EnableUARTTx)
    i.FLASH_PrefetchBufferCmd                0x08000580   Section        0  stm32f10x_flash.o(i.FLASH_PrefetchBufferCmd)
    i.FLASH_SetLatency                       0x0800059c   Section        0  stm32f10x_flash.o(i.FLASH_SetLatency)
    i.GPIO_Init                              0x080005b4   Section        0  stm32f10x_gpio.o(i.GPIO_Init)
    i.GPIO_ReadOutputDataBit                 0x080006ca   Section        0  stm32f10x_gpio.o(i.GPIO_ReadOutputDataBit)
    i.GPIO_WriteBit                          0x080006dc   Section        0  stm32f10x_gpio.o(i.GPIO_WriteBit)
    i.Get1SecFlag                            0x080006e8   Section        0  timer.o(i.Get1SecFlag)
    i.Get2msFlag                             0x080006f4   Section        0  timer.o(i.Get2msFlag)
    i.HardFault_Handler                      0x08000700   Section        0  stm32f10x_it.o(i.HardFault_Handler)
    i.InitHardware                           0x08000704   Section        0  main.o(i.InitHardware)
    InitHardware                             0x08000705   Thumb Code    44  main.o(i.InitHardware)
    i.InitLED                                0x08000730   Section        0  led.o(i.InitLED)
    i.InitNVIC                               0x08000738   Section        0  nvic.o(i.InitNVIC)
    i.InitQueue                              0x08000740   Section        0  queue.o(i.InitQueue)
    i.InitRCC                                0x08000764   Section        0  rcc.o(i.InitRCC)
    i.InitSoftware                           0x0800076c   Section        0  main.o(i.InitSoftware)
    InitSoftware                             0x0800076d   Thumb Code     2  main.o(i.InitSoftware)
    i.InitSysTick                            0x08000770   Section        0  systick.o(i.InitSysTick)
    i.InitTimer                              0x080007d8   Section        0  timer.o(i.InitTimer)
    i.InitUART1                              0x080007f0   Section        0  uart1.o(i.InitUART1)
    i.InitUART2                              0x08000800   Section        0  uart2.o(i.InitUART2)
    i.InitUARTBuf                            0x08000810   Section        0  uart1.o(i.InitUARTBuf)
    InitUARTBuf                              0x08000811   Thumb Code    46  uart1.o(i.InitUARTBuf)
    i.InitUARTBuf                            0x08000850   Section        0  uart2.o(i.InitUARTBuf)
    InitUARTBuf                              0x08000851   Thumb Code    46  uart2.o(i.InitUARTBuf)
    i.LEDFlicker                             0x08000890   Section        0  led.o(i.LEDFlicker)
    i.MemManage_Handler                      0x080008e4   Section        0  stm32f10x_it.o(i.MemManage_Handler)
    i.NMI_Handler                            0x080008e8   Section        0  stm32f10x_it.o(i.NMI_Handler)
    i.NVIC_ClearPendingIRQ                   0x080008ec   Section        0  uart1.o(i.NVIC_ClearPendingIRQ)
    NVIC_ClearPendingIRQ                     0x080008ed   Thumb Code    18  uart1.o(i.NVIC_ClearPendingIRQ)
    i.NVIC_ClearPendingIRQ                   0x08000904   Section        0  uart2.o(i.NVIC_ClearPendingIRQ)
    NVIC_ClearPendingIRQ                     0x08000905   Thumb Code    18  uart2.o(i.NVIC_ClearPendingIRQ)
    i.NVIC_Init                              0x0800091c   Section        0  misc.o(i.NVIC_Init)
    i.NVIC_PriorityGroupConfig               0x0800098c   Section        0  misc.o(i.NVIC_PriorityGroupConfig)
    i.PendSV_Handler                         0x080009a0   Section        0  stm32f10x_it.o(i.PendSV_Handler)
    i.Proc1SecTask                           0x080009a2   Section        0  main.o(i.Proc1SecTask)
    Proc1SecTask                             0x080009a3   Thumb Code    14  main.o(i.Proc1SecTask)
    i.Proc2msTask                            0x080009b0   Section        0  main.o(i.Proc2msTask)
    Proc2msTask                              0x080009b1   Thumb Code    64  main.o(i.Proc2msTask)
    i.QueueEmpty                             0x080009f0   Section        0  queue.o(i.QueueEmpty)
    i.RCC_APB1PeriphClockCmd                 0x08000a00   Section        0  stm32f10x_rcc.o(i.RCC_APB1PeriphClockCmd)
    i.RCC_APB2PeriphClockCmd                 0x08000a20   Section        0  stm32f10x_rcc.o(i.RCC_APB2PeriphClockCmd)
    i.RCC_DeInit                             0x08000a40   Section        0  stm32f10x_rcc.o(i.RCC_DeInit)
    i.RCC_GetClocksFreq                      0x08000a8c   Section        0  stm32f10x_rcc.o(i.RCC_GetClocksFreq)
    i.RCC_GetFlagStatus                      0x08000b60   Section        0  stm32f10x_rcc.o(i.RCC_GetFlagStatus)
    i.RCC_GetSYSCLKSource                    0x08000b9c   Section        0  stm32f10x_rcc.o(i.RCC_GetSYSCLKSource)
    i.RCC_HCLKConfig                         0x08000bac   Section        0  stm32f10x_rcc.o(i.RCC_HCLKConfig)
    i.RCC_HSEConfig                          0x08000bc4   Section        0  stm32f10x_rcc.o(i.RCC_HSEConfig)
    i.RCC_PCLK1Config                        0x08000c10   Section        0  stm32f10x_rcc.o(i.RCC_PCLK1Config)
    i.RCC_PCLK2Config                        0x08000c28   Section        0  stm32f10x_rcc.o(i.RCC_PCLK2Config)
    i.RCC_PLLCmd                             0x08000c40   Section        0  stm32f10x_rcc.o(i.RCC_PLLCmd)
    i.RCC_PLLConfig                          0x08000c4c   Section        0  stm32f10x_rcc.o(i.RCC_PLLConfig)
    i.RCC_SYSCLKConfig                       0x08000c68   Section        0  stm32f10x_rcc.o(i.RCC_SYSCLKConfig)
    i.RCC_WaitForHSEStartUp                  0x08000c80   Section        0  stm32f10x_rcc.o(i.RCC_WaitForHSEStartUp)
    i.ReadSendBuf                            0x08000cb8   Section        0  uart1.o(i.ReadSendBuf)
    ReadSendBuf                              0x08000cb9   Thumb Code    22  uart1.o(i.ReadSendBuf)
    i.ReadSendBuf                            0x08000cd4   Section        0  uart2.o(i.ReadSendBuf)
    ReadSendBuf                              0x08000cd5   Thumb Code    22  uart2.o(i.ReadSendBuf)
    i.ReadUART1                              0x08000cf0   Section        0  uart1.o(i.ReadUART1)
    i.ReadUART2                              0x08000d0c   Section        0  uart2.o(i.ReadUART2)
    i.SVC_Handler                            0x08000d28   Section        0  stm32f10x_it.o(i.SVC_Handler)
    i.SetSysClock                            0x08000d2a   Section        0  system_stm32f10x.o(i.SetSysClock)
    SetSysClock                              0x08000d2b   Thumb Code     8  system_stm32f10x.o(i.SetSysClock)
    i.SetSysClockTo72                        0x08000d34   Section        0  system_stm32f10x.o(i.SetSysClockTo72)
    SetSysClockTo72                          0x08000d35   Thumb Code   214  system_stm32f10x.o(i.SetSysClockTo72)
    i.SysTick_Handler                        0x08000e14   Section        0  systick.o(i.SysTick_Handler)
    i.SystemInit                             0x08000e1c   Section        0  system_stm32f10x.o(i.SystemInit)
    i.TIM2_IRQHandler                        0x08000e7c   Section        0  timer.o(i.TIM2_IRQHandler)
    i.TIM5_IRQHandler                        0x08000eb8   Section        0  timer.o(i.TIM5_IRQHandler)
    i.TIM_ClearITPendingBit                  0x08000f00   Section        0  stm32f10x_tim.o(i.TIM_ClearITPendingBit)
    i.TIM_Cmd                                0x08000f06   Section        0  stm32f10x_tim.o(i.TIM_Cmd)
    i.TIM_GetITStatus                        0x08000f1e   Section        0  stm32f10x_tim.o(i.TIM_GetITStatus)
    i.TIM_ITConfig                           0x08000f40   Section        0  stm32f10x_tim.o(i.TIM_ITConfig)
    i.TIM_TimeBaseInit                       0x08000f54   Section        0  stm32f10x_tim.o(i.TIM_TimeBaseInit)
    i.TimDelayDec                            0x08000ff8   Section        0  systick.o(i.TimDelayDec)
    TimDelayDec                              0x08000ff9   Thumb Code    18  systick.o(i.TimDelayDec)
    i.USART1_IRQHandler                      0x08001010   Section        0  uart1.o(i.USART1_IRQHandler)
    i.USART2_IRQHandler                      0x080010a8   Section        0  uart2.o(i.USART2_IRQHandler)
    i.USART_ClearFlag                        0x08001140   Section        0  stm32f10x_usart.o(i.USART_ClearFlag)
    i.USART_ClearITPendingBit                0x08001152   Section        0  stm32f10x_usart.o(i.USART_ClearITPendingBit)
    i.USART_Cmd                              0x08001170   Section        0  stm32f10x_usart.o(i.USART_Cmd)
    i.USART_GetFlagStatus                    0x08001188   Section        0  stm32f10x_usart.o(i.USART_GetFlagStatus)
    i.USART_GetITStatus                      0x080011a2   Section        0  stm32f10x_usart.o(i.USART_GetITStatus)
    i.USART_ITConfig                         0x080011f6   Section        0  stm32f10x_usart.o(i.USART_ITConfig)
    i.USART_Init                             0x08001240   Section        0  stm32f10x_usart.o(i.USART_Init)
    i.USART_ReceiveData                      0x08001318   Section        0  stm32f10x_usart.o(i.USART_ReceiveData)
    i.USART_SendData                         0x08001322   Section        0  stm32f10x_usart.o(i.USART_SendData)
    i.USART_StructInit                       0x0800132a   Section        0  stm32f10x_usart.o(i.USART_StructInit)
    i.UsageFault_Handler                     0x08001342   Section        0  stm32f10x_it.o(i.UsageFault_Handler)
    i.WriteReceiveBuf                        0x08001348   Section        0  uart1.o(i.WriteReceiveBuf)
    WriteReceiveBuf                          0x08001349   Thumb Code    20  uart1.o(i.WriteReceiveBuf)
    i.WriteReceiveBuf                        0x08001360   Section        0  uart2.o(i.WriteReceiveBuf)
    WriteReceiveBuf                          0x08001361   Thumb Code    20  uart2.o(i.WriteReceiveBuf)
    i.WriteUART1                             0x08001378   Section        0  uart1.o(i.WriteUART1)
    i.WriteUART2                             0x080013a8   Section        0  uart2.o(i.WriteUART2)
    i.__scatterload_copy                     0x080013d8   Section       14  handlers.o(i.__scatterload_copy)
    i.__scatterload_null                     0x080013e6   Section        2  handlers.o(i.__scatterload_null)
    i.__scatterload_zeroinit                 0x080013e8   Section       14  handlers.o(i.__scatterload_zeroinit)
    i.main                                   0x080013f6   Section        0  main.o(i.main)
    .data                                    0x20000000   Section        2  led.o(.data)
    s_iCnt                                   0x20000000   Data           2  led.o(.data)
    .data                                    0x20000002   Section        6  timer.o(.data)
    s_i2msFlag                               0x20000002   Data           1  timer.o(.data)
    s_i1secFlag                              0x20000003   Data           1  timer.o(.data)
    s_iCnt2                                  0x20000004   Data           2  timer.o(.data)
    s_iCnt1000                               0x20000006   Data           2  timer.o(.data)
    .data                                    0x20000008   Section        1  uart1.o(.data)
    s_iUARTTxSts                             0x20000008   Data           1  uart1.o(.data)
    .data                                    0x20000009   Section        1  uart2.o(.data)
    s_iUARTTxSts                             0x20000009   Data           1  uart2.o(.data)
    .data                                    0x2000000a   Section       20  stm32f10x_rcc.o(.data)
    APBAHBPrescTable                         0x2000000a   Data          16  stm32f10x_rcc.o(.data)
    ADCPrescTable                            0x2000001a   Data           4  stm32f10x_rcc.o(.data)
    .data                                    0x20000020   Section        4  systick.o(.data)
    s_iTimDelayCnt                           0x20000020   Data           4  systick.o(.data)
    .data                                    0x20000024   Section       20  system_stm32f10x.o(.data)
    .bss                                     0x20000038   Section      224  uart1.o(.bss)
    s_structUARTSendCirQue                   0x20000038   Data          12  uart1.o(.bss)
    s_structUARTRecCirQue                    0x20000044   Data          12  uart1.o(.bss)
    s_arrSendBuf                             0x20000050   Data         100  uart1.o(.bss)
    s_arrRecBuf                              0x200000b4   Data         100  uart1.o(.bss)
    .bss                                     0x20000118   Section      224  uart2.o(.bss)
    s_structUARTSendCirQue                   0x20000118   Data          12  uart2.o(.bss)
    s_structUARTRecCirQue                    0x20000124   Data          12  uart2.o(.bss)
    s_arrSendBuf                             0x20000130   Data         100  uart2.o(.bss)
    s_arrRecBuf                              0x20000194   Data         100  uart2.o(.bss)
    STACK                                    0x200001f8   Section     1024  startup_stm32f10x_hd.o(STACK)

    Global Symbols

    Symbol Name                              Value     Ov Type        Size  Object(Section)

    BuildAttributes$$THM_ISAv4$P$D$K$B$S$PE$A:L22UL41UL21$X:L11$S22US41US21$IEEE1$IW$USESV6$~STKCKD$USESV7$~SHL$OSPACE$EBA8$MICROLIB$REQ8$PRES8$EABIv2 0x00000000   Number         0  anon$$obj.o ABSOLUTE
    __ARM_use_no_argv                        0x00000000   Number         0  main.o ABSOLUTE
    __cpp_initialize__aeabi_                  - Undefined Weak Reference
    __cxa_finalize                            - Undefined Weak Reference
    __decompress                              - Undefined Weak Reference
    _clock_init                               - Undefined Weak Reference
    _microlib_exit                            - Undefined Weak Reference
    __Vectors_Size                           0x00000130   Number         0  startup_stm32f10x_hd.o ABSOLUTE
    __Vectors                                0x08000000   Data           4  startup_stm32f10x_hd.o(RESET)
    __Vectors_End                            0x08000130   Data           0  startup_stm32f10x_hd.o(RESET)
    __main                                   0x08000131   Thumb Code     0  entry.o(.ARM.Collect$$$$00000000)
    _main_stk                                0x08000131   Thumb Code     0  entry2.o(.ARM.Collect$$$$00000001)
    _main_scatterload                        0x08000135   Thumb Code     0  entry5.o(.ARM.Collect$$$$00000004)
    __main_after_scatterload                 0x08000139   Thumb Code     0  entry5.o(.ARM.Collect$$$$00000004)
    _main_clock                              0x08000139   Thumb Code     0  entry7b.o(.ARM.Collect$$$$00000008)
    _main_cpp_init                           0x08000139   Thumb Code     0  entry8b.o(.ARM.Collect$$$$0000000A)
    _main_init                               0x08000139   Thumb Code     0  entry9a.o(.ARM.Collect$$$$0000000B)
    __rt_final_cpp                           0x08000141   Thumb Code     0  entry10a.o(.ARM.Collect$$$$0000000D)
    __rt_final_exit                          0x08000141   Thumb Code     0  entry11a.o(.ARM.Collect$$$$0000000F)
    Reset_Handler                            0x08000145   Thumb Code     8  startup_stm32f10x_hd.o(.text)
    ADC1_2_IRQHandler                        0x0800015f   Thumb Code     0  startup_stm32f10x_hd.o(.text)
    ADC3_IRQHandler                          0x0800015f   Thumb Code     0  startup_stm32f10x_hd.o(.text)
    CAN1_RX1_IRQHandler                      0x0800015f   Thumb Code     0  startup_stm32f10x_hd.o(.text)
    CAN1_SCE_IRQHandler                      0x0800015f   Thumb Code     0  startup_stm32f10x_hd.o(.text)
    DMA1_Channel1_IRQHandler                 0x0800015f   Thumb Code     0  startup_stm32f10x_hd.o(.text)
    DMA1_Channel2_IRQHandler                 0x0800015f   Thumb Code     0  startup_stm32f10x_hd.o(.text)
    DMA1_Channel3_IRQHandler                 0x0800015f   Thumb Code     0  startup_stm32f10x_hd.o(.text)
    DMA1_Channel4_IRQHandler                 0x0800015f   Thumb Code     0  startup_stm32f10x_hd.o(.text)
    DMA1_Channel5_IRQHandler                 0x0800015f   Thumb Code     0  startup_stm32f10x_hd.o(.text)
    DMA1_Channel6_IRQHandler                 0x0800015f   Thumb Code     0  startup_stm32f10x_hd.o(.text)
    DMA1_Channel7_IRQHandler                 0x0800015f   Thumb Code     0  startup_stm32f10x_hd.o(.text)
    DMA2_Channel1_IRQHandler                 0x0800015f   Thumb Code     0  startup_stm32f10x_hd.o(.text)
    DMA2_Channel2_IRQHandler                 0x0800015f   Thumb Code     0  startup_stm32f10x_hd.o(.text)
    DMA2_Channel3_IRQHandler                 0x0800015f   Thumb Code     0  startup_stm32f10x_hd.o(.text)
    DMA2_Channel4_5_IRQHandler               0x0800015f   Thumb Code     0  startup_stm32f10x_hd.o(.text)
    EXTI0_IRQHandler                         0x0800015f   Thumb Code     0  startup_stm32f10x_hd.o(.text)
    EXTI15_10_IRQHandler                     0x0800015f   Thumb Code     0  startup_stm32f10x_hd.o(.text)
    EXTI1_IRQHandler                         0x0800015f   Thumb Code     0  startup_stm32f10x_hd.o(.text)
    EXTI2_IRQHandler                         0x0800015f   Thumb Code     0  startup_stm32f10x_hd.o(.text)
    EXTI3_IRQHandler                         0x0800015f   Thumb Code     0  startup_stm32f10x_hd.o(.text)
    EXTI4_IRQHandler                         0x0800015f   Thumb Code     0  startup_stm32f10x_hd.o(.text)
    EXTI9_5_IRQHandler                       0x0800015f   Thumb Code     0  startup_stm32f10x_hd.o(.text)
    FLASH_IRQHandler                         0x0800015f   Thumb Code     0  startup_stm32f10x_hd.o(.text)
    FSMC_IRQHandler                          0x0800015f   Thumb Code     0  startup_stm32f10x_hd.o(.text)
    I2C1_ER_IRQHandler                       0x0800015f   Thumb Code     0  startup_stm32f10x_hd.o(.text)
    I2C1_EV_IRQHandler                       0x0800015f   Thumb Code     0  startup_stm32f10x_hd.o(.text)
    I2C2_ER_IRQHandler                       0x0800015f   Thumb Code     0  startup_stm32f10x_hd.o(.text)
    I2C2_EV_IRQHandler                       0x0800015f   Thumb Code     0  startup_stm32f10x_hd.o(.text)
    PVD_IRQHandler                           0x0800015f   Thumb Code     0  startup_stm32f10x_hd.o(.text)
    RCC_IRQHandler                           0x0800015f   Thumb Code     0  startup_stm32f10x_hd.o(.text)
    RTCAlarm_IRQHandler                      0x0800015f   Thumb Code     0  startup_stm32f10x_hd.o(.text)
    RTC_IRQHandler                           0x0800015f   Thumb Code     0  startup_stm32f10x_hd.o(.text)
    SDIO_IRQHandler                          0x0800015f   Thumb Code     0  startup_stm32f10x_hd.o(.text)
    SPI1_IRQHandler                          0x0800015f   Thumb Code     0  startup_stm32f10x_hd.o(.text)
    SPI2_IRQHandler                          0x0800015f   Thumb Code     0  startup_stm32f10x_hd.o(.text)
    SPI3_IRQHandler                          0x0800015f   Thumb Code     0  startup_stm32f10x_hd.o(.text)
    TAMPER_IRQHandler                        0x0800015f   Thumb Code     0  startup_stm32f10x_hd.o(.text)
    TIM1_BRK_IRQHandler                      0x0800015f   Thumb Code     0  startup_stm32f10x_hd.o(.text)
    TIM1_CC_IRQHandler                       0x0800015f   Thumb Code     0  startup_stm32f10x_hd.o(.text)
    TIM1_TRG_COM_IRQHandler                  0x0800015f   Thumb Code     0  startup_stm32f10x_hd.o(.text)
    TIM1_UP_IRQHandler                       0x0800015f   Thumb Code     0  startup_stm32f10x_hd.o(.text)
    TIM3_IRQHandler                          0x0800015f   Thumb Code     0  startup_stm32f10x_hd.o(.text)
    TIM4_IRQHandler                          0x0800015f   Thumb Code     0  startup_stm32f10x_hd.o(.text)
    TIM6_IRQHandler                          0x0800015f   Thumb Code     0  startup_stm32f10x_hd.o(.text)
    TIM7_IRQHandler                          0x0800015f   Thumb Code     0  startup_stm32f10x_hd.o(.text)
    TIM8_BRK_IRQHandler                      0x0800015f   Thumb Code     0  startup_stm32f10x_hd.o(.text)
    TIM8_CC_IRQHandler                       0x0800015f   Thumb Code     0  startup_stm32f10x_hd.o(.text)
    TIM8_TRG_COM_IRQHandler                  0x0800015f   Thumb Code     0  startup_stm32f10x_hd.o(.text)
    TIM8_UP_IRQHandler                       0x0800015f   Thumb Code     0  startup_stm32f10x_hd.o(.text)
    UART4_IRQHandler                         0x0800015f   Thumb Code     0  startup_stm32f10x_hd.o(.text)
    UART5_IRQHandler                         0x0800015f   Thumb Code     0  startup_stm32f10x_hd.o(.text)
    USART3_IRQHandler                        0x0800015f   Thumb Code     0  startup_stm32f10x_hd.o(.text)
    USBWakeUp_IRQHandler                     0x0800015f   Thumb Code     0  startup_stm32f10x_hd.o(.text)
    USB_HP_CAN1_TX_IRQHandler                0x0800015f   Thumb Code     0  startup_stm32f10x_hd.o(.text)
    USB_LP_CAN1_RX0_IRQHandler               0x0800015f   Thumb Code     0  startup_stm32f10x_hd.o(.text)
    WWDG_IRQHandler                          0x0800015f   Thumb Code     0  startup_stm32f10x_hd.o(.text)
    __scatterload                            0x08000169   Thumb Code    28  init.o(.text)
    __scatterload_rt2                        0x08000169   Thumb Code     0  init.o(.text)
    BusFault_Handler                         0x0800018d   Thumb Code     4  stm32f10x_it.o(i.BusFault_Handler)
    Clr1SecFlag                              0x08000191   Thumb Code     8  timer.o(i.Clr1SecFlag)
    Clr2msFlag                               0x0800019d   Thumb Code     8  timer.o(i.Clr2msFlag)
    DeQueue                                  0x080004b1   Thumb Code    68  queue.o(i.DeQueue)
    DebugMon_Handler                         0x080004f5   Thumb Code     2  stm32f10x_it.o(i.DebugMon_Handler)
    EnQueue                                  0x080004f7   Thumb Code    72  queue.o(i.EnQueue)
    FLASH_PrefetchBufferCmd                  0x08000581   Thumb Code    22  stm32f10x_flash.o(i.FLASH_PrefetchBufferCmd)
    FLASH_SetLatency                         0x0800059d   Thumb Code    18  stm32f10x_flash.o(i.FLASH_SetLatency)
    GPIO_Init                                0x080005b5   Thumb Code   278  stm32f10x_gpio.o(i.GPIO_Init)
    GPIO_ReadOutputDataBit                   0x080006cb   Thumb Code    18  stm32f10x_gpio.o(i.GPIO_ReadOutputDataBit)
    GPIO_WriteBit                            0x080006dd   Thumb Code    10  stm32f10x_gpio.o(i.GPIO_WriteBit)
    Get1SecFlag                              0x080006e9   Thumb Code     6  timer.o(i.Get1SecFlag)
    Get2msFlag                               0x080006f5   Thumb Code     6  timer.o(i.Get2msFlag)
    HardFault_Handler                        0x08000701   Thumb Code     4  stm32f10x_it.o(i.HardFault_Handler)
    InitLED                                  0x08000731   Thumb Code     8  led.o(i.InitLED)
    InitNVIC                                 0x08000739   Thumb Code     8  nvic.o(i.InitNVIC)
    InitQueue                                0x08000741   Thumb Code    36  queue.o(i.InitQueue)
    InitRCC                                  0x08000765   Thumb Code     8  rcc.o(i.InitRCC)
    InitSysTick                              0x08000771   Thumb Code    92  systick.o(i.InitSysTick)
    InitTimer                                0x080007d9   Thumb Code    24  timer.o(i.InitTimer)
    InitUART1                                0x080007f1   Thumb Code    16  uart1.o(i.InitUART1)
    InitUART2                                0x08000801   Thumb Code    16  uart2.o(i.InitUART2)
    LEDFlicker                               0x08000891   Thumb Code    76  led.o(i.LEDFlicker)
    MemManage_Handler                        0x080008e5   Thumb Code     4  stm32f10x_it.o(i.MemManage_Handler)
    NMI_Handler                              0x080008e9   Thumb Code     2  stm32f10x_it.o(i.NMI_Handler)
    NVIC_Init                                0x0800091d   Thumb Code   100  misc.o(i.NVIC_Init)
    NVIC_PriorityGroupConfig                 0x0800098d   Thumb Code    10  misc.o(i.NVIC_PriorityGroupConfig)
    PendSV_Handler                           0x080009a1   Thumb Code     2  stm32f10x_it.o(i.PendSV_Handler)
    QueueEmpty                               0x080009f1   Thumb Code    14  queue.o(i.QueueEmpty)
    RCC_APB1PeriphClockCmd                   0x08000a01   Thumb Code    26  stm32f10x_rcc.o(i.RCC_APB1PeriphClockCmd)
    RCC_APB2PeriphClockCmd                   0x08000a21   Thumb Code    26  stm32f10x_rcc.o(i.RCC_APB2PeriphClockCmd)
    RCC_DeInit                               0x08000a41   Thumb Code    64  stm32f10x_rcc.o(i.RCC_DeInit)
    RCC_GetClocksFreq                        0x08000a8d   Thumb Code   192  stm32f10x_rcc.o(i.RCC_GetClocksFreq)
    RCC_GetFlagStatus                        0x08000b61   Thumb Code    56  stm32f10x_rcc.o(i.RCC_GetFlagStatus)
    RCC_GetSYSCLKSource                      0x08000b9d   Thumb Code    10  stm32f10x_rcc.o(i.RCC_GetSYSCLKSource)
    RCC_HCLKConfig                           0x08000bad   Thumb Code    18  stm32f10x_rcc.o(i.RCC_HCLKConfig)
    RCC_HSEConfig                            0x08000bc5   Thumb Code    70  stm32f10x_rcc.o(i.RCC_HSEConfig)
    RCC_PCLK1Config                          0x08000c11   Thumb Code    18  stm32f10x_rcc.o(i.RCC_PCLK1Config)
    RCC_PCLK2Config                          0x08000c29   Thumb Code    20  stm32f10x_rcc.o(i.RCC_PCLK2Config)
    RCC_PLLCmd                               0x08000c41   Thumb Code     6  stm32f10x_rcc.o(i.RCC_PLLCmd)
    RCC_PLLConfig                            0x08000c4d   Thumb Code    24  stm32f10x_rcc.o(i.RCC_PLLConfig)
    RCC_SYSCLKConfig                         0x08000c69   Thumb Code    18  stm32f10x_rcc.o(i.RCC_SYSCLKConfig)
    RCC_WaitForHSEStartUp                    0x08000c81   Thumb Code    56  stm32f10x_rcc.o(i.RCC_WaitForHSEStartUp)
    ReadUART1                                0x08000cf1   Thumb Code    24  uart1.o(i.ReadUART1)
    ReadUART2                                0x08000d0d   Thumb Code    24  uart2.o(i.ReadUART2)
    SVC_Handler                              0x08000d29   Thumb Code     2  stm32f10x_it.o(i.SVC_Handler)
    SysTick_Handler                          0x08000e15   Thumb Code     8  systick.o(i.SysTick_Handler)
    SystemInit                               0x08000e1d   Thumb Code    78  system_stm32f10x.o(i.SystemInit)
    TIM2_IRQHandler                          0x08000e7d   Thumb Code    52  timer.o(i.TIM2_IRQHandler)
    TIM5_IRQHandler                          0x08000eb9   Thumb Code    58  timer.o(i.TIM5_IRQHandler)
    TIM_ClearITPendingBit                    0x08000f01   Thumb Code     6  stm32f10x_tim.o(i.TIM_ClearITPendingBit)
    TIM_Cmd                                  0x08000f07   Thumb Code    24  stm32f10x_tim.o(i.TIM_Cmd)
    TIM_GetITStatus                          0x08000f1f   Thumb Code    34  stm32f10x_tim.o(i.TIM_GetITStatus)
    TIM_ITConfig                             0x08000f41   Thumb Code    18  stm32f10x_tim.o(i.TIM_ITConfig)
    TIM_TimeBaseInit                         0x08000f55   Thumb Code   122  stm32f10x_tim.o(i.TIM_TimeBaseInit)
    USART1_IRQHandler                        0x08001011   Thumb Code   140  uart1.o(i.USART1_IRQHandler)
    USART2_IRQHandler                        0x080010a9   Thumb Code   140  uart2.o(i.USART2_IRQHandler)
    USART_ClearFlag                          0x08001141   Thumb Code    18  stm32f10x_usart.o(i.USART_ClearFlag)
    USART_ClearITPendingBit                  0x08001153   Thumb Code    30  stm32f10x_usart.o(i.USART_ClearITPendingBit)
    USART_Cmd                                0x08001171   Thumb Code    24  stm32f10x_usart.o(i.USART_Cmd)
    USART_GetFlagStatus                      0x08001189   Thumb Code    26  stm32f10x_usart.o(i.USART_GetFlagStatus)
    USART_GetITStatus                        0x080011a3   Thumb Code    84  stm32f10x_usart.o(i.USART_GetITStatus)
    USART_ITConfig                           0x080011f7   Thumb Code    74  stm32f10x_usart.o(i.USART_ITConfig)
    USART_Init                               0x08001241   Thumb Code   210  stm32f10x_usart.o(i.USART_Init)
    USART_ReceiveData                        0x08001319   Thumb Code    10  stm32f10x_usart.o(i.USART_ReceiveData)
    USART_SendData                           0x08001323   Thumb Code     8  stm32f10x_usart.o(i.USART_SendData)
    USART_StructInit                         0x0800132b   Thumb Code    24  stm32f10x_usart.o(i.USART_StructInit)
    UsageFault_Handler                       0x08001343   Thumb Code     4  stm32f10x_it.o(i.UsageFault_Handler)
    WriteUART1                               0x08001379   Thumb Code    38  uart1.o(i.WriteUART1)
    WriteUART2                               0x080013a9   Thumb Code    38  uart2.o(i.WriteUART2)
    __scatterload_copy                       0x080013d9   Thumb Code    14  handlers.o(i.__scatterload_copy)
    __scatterload_null                       0x080013e7   Thumb Code     2  handlers.o(i.__scatterload_null)
    __scatterload_zeroinit                   0x080013e9   Thumb Code    14  handlers.o(i.__scatterload_zeroinit)
    main                                     0x080013f7   Thumb Code    20  main.o(i.main)
    Region$$Table$$Base                      0x0800140c   Number         0  anon$$obj.o(Region$$Table)
    Region$$Table$$Limit                     0x0800142c   Number         0  anon$$obj.o(Region$$Table)
    SystemCoreClock                          0x20000024   Data           4  system_stm32f10x.o(.data)
    AHBPrescTable                            0x20000028   Data          16  system_stm32f10x.o(.data)
    __initial_sp                             0x200005f8   Data           0  startup_stm32f10x_hd.o(STACK)



==============================================================================

Memory Map of the image

  Image Entry point : 0x08000131

  Load Region LR_IROM1 (Base: 0x08000000, Size: 0x00001464, Max: 0x00040000, ABSOLUTE)

    Execution Region ER_IROM1 (Base: 0x08000000, Size: 0x0000142c, Max: 0x00040000, ABSOLUTE)

    Base Addr    Size         Type   Attr      Idx    E Section Name        Object

    0x08000000   0x00000130   Data   RO         1842    RESET               startup_stm32f10x_hd.o
    0x08000130   0x00000000   Code   RO         1847  * .ARM.Collect$$$$00000000  mc_w.l(entry.o)
    0x08000130   0x00000004   Code   RO         1850    .ARM.Collect$$$$00000001  mc_w.l(entry2.o)
    0x08000134   0x00000004   Code   RO         1853    .ARM.Collect$$$$00000004  mc_w.l(entry5.o)
    0x08000138   0x00000000   Code   RO         1855    .ARM.Collect$$$$00000008  mc_w.l(entry7b.o)
    0x08000138   0x00000000   Code   RO         1857    .ARM.Collect$$$$0000000A  mc_w.l(entry8b.o)
    0x08000138   0x00000008   Code   RO         1858    .ARM.Collect$$$$0000000B  mc_w.l(entry9a.o)
    0x08000140   0x00000000   Code   RO         1860    .ARM.Collect$$$$0000000D  mc_w.l(entry10a.o)
    0x08000140   0x00000000   Code   RO         1862    .ARM.Collect$$$$0000000F  mc_w.l(entry11a.o)
    0x08000140   0x00000004   Code   RO         1851    .ARM.Collect$$$$00002712  mc_w.l(entry2.o)
    0x08000144   0x00000024   Code   RO         1843    .text               startup_stm32f10x_hd.o
    0x08000168   0x00000024   Code   RO         1864    .text               mc_w.l(init.o)
    0x0800018c   0x00000004   Code   RO         1749    i.BusFault_Handler  stm32f10x_it.o
    0x08000190   0x0000000c   Code   RO          179    i.Clr1SecFlag       timer.o
    0x0800019c   0x0000000c   Code   RO          180    i.Clr2msFlag        timer.o
    0x080001a8   0x00000058   Code   RO          119    i.ConfigLEDGPIO     led.o
    0x08000200   0x0000000c   Code   RO         1680    i.ConfigNVIC        nvic.o
    0x0800020c   0x00000064   Code   RO          162    i.ConfigRCC         rcc.o
    0x08000270   0x0000005c   Code   RO          181    i.ConfigTimer2      timer.o
    0x080002cc   0x00000060   Code   RO          182    i.ConfigTimer5      timer.o
    0x0800032c   0x000000c4   Code   RO          284    i.ConfigUART        uart1.o
    0x080003f0   0x000000c0   Code   RO          362    i.ConfigUART        uart2.o
    0x080004b0   0x00000044   Code   RO          240    i.DeQueue           queue.o
    0x080004f4   0x00000002   Code   RO         1750    i.DebugMon_Handler  stm32f10x_it.o
    0x080004f6   0x00000048   Code   RO          241    i.EnQueue           queue.o
    0x0800053e   0x00000002   PAD
    0x08000540   0x00000020   Code   RO          285    i.EnableUARTTx      uart1.o
    0x08000560   0x00000020   Code   RO          363    i.EnableUARTTx      uart2.o
    0x08000580   0x0000001c   Code   RO          481    i.FLASH_PrefetchBufferCmd  stm32f10x_flash.o
    0x0800059c   0x00000018   Code   RO          486    i.FLASH_SetLatency  stm32f10x_flash.o
    0x080005b4   0x00000116   Code   RO          644    i.GPIO_Init         stm32f10x_gpio.o
    0x080006ca   0x00000012   Code   RO          650    i.GPIO_ReadOutputDataBit  stm32f10x_gpio.o
    0x080006dc   0x0000000a   Code   RO          655    i.GPIO_WriteBit     stm32f10x_gpio.o
    0x080006e6   0x00000002   PAD
    0x080006e8   0x0000000c   Code   RO          183    i.Get1SecFlag       timer.o
    0x080006f4   0x0000000c   Code   RO          184    i.Get2msFlag        timer.o
    0x08000700   0x00000004   Code   RO         1751    i.HardFault_Handler  stm32f10x_it.o
    0x08000704   0x0000002c   Code   RO            1    i.InitHardware      main.o
    0x08000730   0x00000008   Code   RO          120    i.InitLED           led.o
    0x08000738   0x00000008   Code   RO         1681    i.InitNVIC          nvic.o
    0x08000740   0x00000024   Code   RO          242    i.InitQueue         queue.o
    0x08000764   0x00000008   Code   RO          163    i.InitRCC           rcc.o
    0x0800076c   0x00000002   Code   RO            2    i.InitSoftware      main.o
    0x0800076e   0x00000002   PAD
    0x08000770   0x00000068   Code   RO         1699    i.InitSysTick       systick.o
    0x080007d8   0x00000018   Code   RO          185    i.InitTimer         timer.o
    0x080007f0   0x00000010   Code   RO          286    i.InitUART1         uart1.o
    0x08000800   0x00000010   Code   RO          364    i.InitUART2         uart2.o
    0x08000810   0x00000040   Code   RO          287    i.InitUARTBuf       uart1.o
    0x08000850   0x00000040   Code   RO          365    i.InitUARTBuf       uart2.o
    0x08000890   0x00000054   Code   RO          121    i.LEDFlicker        led.o
    0x080008e4   0x00000004   Code   RO         1752    i.MemManage_Handler  stm32f10x_it.o
    0x080008e8   0x00000002   Code   RO         1753    i.NMI_Handler       stm32f10x_it.o
    0x080008ea   0x00000002   PAD
    0x080008ec   0x00000018   Code   RO          288    i.NVIC_ClearPendingIRQ  uart1.o
    0x08000904   0x00000018   Code   RO          366    i.NVIC_ClearPendingIRQ  uart2.o
    0x0800091c   0x00000070   Code   RO          428    i.NVIC_Init         misc.o
    0x0800098c   0x00000014   Code   RO          429    i.NVIC_PriorityGroupConfig  misc.o
    0x080009a0   0x00000002   Code   RO         1754    i.PendSV_Handler    stm32f10x_it.o
    0x080009a2   0x0000000e   Code   RO            3    i.Proc1SecTask      main.o
    0x080009b0   0x00000040   Code   RO            4    i.Proc2msTask       main.o
    0x080009f0   0x0000000e   Code   RO          243    i.QueueEmpty        queue.o
    0x080009fe   0x00000002   PAD
    0x08000a00   0x00000020   Code   RO          754    i.RCC_APB1PeriphClockCmd  stm32f10x_rcc.o
    0x08000a20   0x00000020   Code   RO          756    i.RCC_APB2PeriphClockCmd  stm32f10x_rcc.o
    0x08000a40   0x0000004c   Code   RO          763    i.RCC_DeInit        stm32f10x_rcc.o
    0x08000a8c   0x000000d4   Code   RO          764    i.RCC_GetClocksFreq  stm32f10x_rcc.o
    0x08000b60   0x0000003c   Code   RO          765    i.RCC_GetFlagStatus  stm32f10x_rcc.o
    0x08000b9c   0x00000010   Code   RO          767    i.RCC_GetSYSCLKSource  stm32f10x_rcc.o
    0x08000bac   0x00000018   Code   RO          768    i.RCC_HCLKConfig    stm32f10x_rcc.o
    0x08000bc4   0x0000004c   Code   RO          769    i.RCC_HSEConfig     stm32f10x_rcc.o
    0x08000c10   0x00000018   Code   RO          775    i.RCC_PCLK1Config   stm32f10x_rcc.o
    0x08000c28   0x00000018   Code   RO          776    i.RCC_PCLK2Config   stm32f10x_rcc.o
    0x08000c40   0x0000000c   Code   RO          777    i.RCC_PLLCmd        stm32f10x_rcc.o
    0x08000c4c   0x0000001c   Code   RO          778    i.RCC_PLLConfig     stm32f10x_rcc.o
    0x08000c68   0x00000018   Code   RO          781    i.RCC_SYSCLKConfig  stm32f10x_rcc.o
    0x08000c80   0x00000038   Code   RO          783    i.RCC_WaitForHSEStartUp  stm32f10x_rcc.o
    0x08000cb8   0x0000001c   Code   RO          289    i.ReadSendBuf       uart1.o
    0x08000cd4   0x0000001c   Code   RO          367    i.ReadSendBuf       uart2.o
    0x08000cf0   0x0000001c   Code   RO          290    i.ReadUART1         uart1.o
    0x08000d0c   0x0000001c   Code   RO          368    i.ReadUART2         uart2.o
    0x08000d28   0x00000002   Code   RO         1755    i.SVC_Handler       stm32f10x_it.o
    0x08000d2a   0x00000008   Code   RO         1806    i.SetSysClock       system_stm32f10x.o
    0x08000d32   0x00000002   PAD
    0x08000d34   0x000000e0   Code   RO         1807    i.SetSysClockTo72   system_stm32f10x.o
    0x08000e14   0x00000008   Code   RO         1700    i.SysTick_Handler   systick.o
    0x08000e1c   0x00000060   Code   RO         1809    i.SystemInit        system_stm32f10x.o
    0x08000e7c   0x0000003c   Code   RO          186    i.TIM2_IRQHandler   timer.o
    0x08000eb8   0x00000048   Code   RO          187    i.TIM5_IRQHandler   timer.o
    0x08000f00   0x00000006   Code   RO          963    i.TIM_ClearITPendingBit  stm32f10x_tim.o
    0x08000f06   0x00000018   Code   RO          968    i.TIM_Cmd           stm32f10x_tim.o
    0x08000f1e   0x00000022   Code   RO          989    i.TIM_GetITStatus   stm32f10x_tim.o
    0x08000f40   0x00000012   Code   RO          993    i.TIM_ITConfig      stm32f10x_tim.o
    0x08000f52   0x00000002   PAD
    0x08000f54   0x000000a4   Code   RO         1039    i.TIM_TimeBaseInit  stm32f10x_tim.o
    0x08000ff8   0x00000018   Code   RO         1701    i.TimDelayDec       systick.o
    0x08001010   0x00000098   Code   RO          292    i.USART1_IRQHandler  uart1.o
    0x080010a8   0x00000098   Code   RO          369    i.USART2_IRQHandler  uart2.o
    0x08001140   0x00000012   Code   RO         1500    i.USART_ClearFlag   stm32f10x_usart.o
    0x08001152   0x0000001e   Code   RO         1501    i.USART_ClearITPendingBit  stm32f10x_usart.o
    0x08001170   0x00000018   Code   RO         1504    i.USART_Cmd         stm32f10x_usart.o
    0x08001188   0x0000001a   Code   RO         1507    i.USART_GetFlagStatus  stm32f10x_usart.o
    0x080011a2   0x00000054   Code   RO         1508    i.USART_GetITStatus  stm32f10x_usart.o
    0x080011f6   0x0000004a   Code   RO         1510    i.USART_ITConfig    stm32f10x_usart.o
    0x08001240   0x000000d8   Code   RO         1511    i.USART_Init        stm32f10x_usart.o
    0x08001318   0x0000000a   Code   RO         1518    i.USART_ReceiveData  stm32f10x_usart.o
    0x08001322   0x00000008   Code   RO         1521    i.USART_SendData    stm32f10x_usart.o
    0x0800132a   0x00000018   Code   RO         1527    i.USART_StructInit  stm32f10x_usart.o
    0x08001342   0x00000004   Code   RO         1756    i.UsageFault_Handler  stm32f10x_it.o
    0x08001346   0x00000002   PAD
    0x08001348   0x00000018   Code   RO          293    i.WriteReceiveBuf   uart1.o
    0x08001360   0x00000018   Code   RO          370    i.WriteReceiveBuf   uart2.o
    0x08001378   0x00000030   Code   RO          294    i.WriteUART1        uart1.o
    0x080013a8   0x00000030   Code   RO          371    i.WriteUART2        uart2.o
    0x080013d8   0x0000000e   Code   RO         1868    i.__scatterload_copy  mc_w.l(handlers.o)
    0x080013e6   0x00000002   Code   RO         1869    i.__scatterload_null  mc_w.l(handlers.o)
    0x080013e8   0x0000000e   Code   RO         1870    i.__scatterload_zeroinit  mc_w.l(handlers.o)
    0x080013f6   0x00000014   Code   RO            5    i.main              main.o
    0x0800140a   0x00000002   PAD
    0x0800140c   0x00000020   Data   RO         1866    Region$$Table       anon$$obj.o


    Execution Region RW_IRAM1 (Base: 0x20000000, Size: 0x000005f8, Max: 0x0000c000, ABSOLUTE)

    Base Addr    Size         Type   Attr      Idx    E Section Name        Object

    0x20000000   0x00000002   Data   RW          122    .data               led.o
    0x20000002   0x00000006   Data   RW          188    .data               timer.o
    0x20000008   0x00000001   Data   RW          297    .data               uart1.o
    0x20000009   0x00000001   Data   RW          373    .data               uart2.o
    0x2000000a   0x00000014   Data   RW          784    .data               stm32f10x_rcc.o
    0x2000001e   0x00000002   PAD
    0x20000020   0x00000004   Data   RW         1702    .data               systick.o
    0x20000024   0x00000014   Data   RW         1810    .data               system_stm32f10x.o
    0x20000038   0x000000e0   Zero   RW          296    .bss                uart1.o
    0x20000118   0x000000e0   Zero   RW          372    .bss                uart2.o
    0x200001f8   0x00000400   Zero   RW         1840    STACK               startup_stm32f10x_hd.o


==============================================================================

Image component sizes


      Code (inc. data)   RO Data    RW Data    ZI Data      Debug   Object Name

         0          0          0          0          0         32   core_cm3.o
       180         12          0          2          0     207031   led.o
       144          0          0          0          0     254711   main.o
       132         22          0          0          0       1407   misc.o
        20          0          0          0          0        811   nvic.o
       190          0          0          0          0       3025   queue.o
       108          0          0          0          0        914   rcc.o
        36          8        304          0       1024        788   startup_stm32f10x_hd.o
        52         12          0          0          0       1021   stm32f10x_flash.o
       306          0          0          0          0       2997   stm32f10x_gpio.o
        24          0          0          0          0       3424   stm32f10x_it.o
       696         92          0         20          0       9910   stm32f10x_rcc.o
       246         42          0          0          0       3310   stm32f10x_tim.o
       514          6          0          0          0       7448   stm32f10x_usart.o
       328         28          0         20          0       2165   system_stm32f10x.o
       136         18          0          4          0      17083   systick.o
       392         48          0          6          0       4478   timer.o
       612         84          0          1        224      20808   uart1.o
       608         84          0          1        224       5757   uart2.o

    ----------------------------------------------------------------------
      4742        456        336         56       1472     547120   Object Totals
         0          0         32          0          0          0   (incl. Generated)
        18          0          0          2          0          0   (incl. Padding)

    ----------------------------------------------------------------------

      Code (inc. data)   RO Data    RW Data    ZI Data      Debug   Library Member Name

         0          0          0          0          0          0   entry.o
         0          0          0          0          0          0   entry10a.o
         0          0          0          0          0          0   entry11a.o
         8          4          0          0          0          0   entry2.o
         4          0          0          0          0          0   entry5.o
         0          0          0          0          0          0   entry7b.o
         0          0          0          0          0          0   entry8b.o
         8          4          0          0          0          0   entry9a.o
        30          0          0          0          0          0   handlers.o
        36          8          0          0          0         68   init.o

    ----------------------------------------------------------------------
        86         16          0          0          0         68   Library Totals
         0          0          0          0          0          0   (incl. Padding)

    ----------------------------------------------------------------------

      Code (inc. data)   RO Data    RW Data    ZI Data      Debug   Library Name

        86         16          0          0          0         68   mc_w.l

    ----------------------------------------------------------------------
        86         16          0          0          0         68   Library Totals

    ----------------------------------------------------------------------

==============================================================================


      Code (inc. data)   RO Data    RW Data    ZI Data      Debug   

      4828        472        336         56       1472     542660   Grand Totals
      4828        472        336         56       1472     542660   ELF Image Totals
      4828        472        336         56          0          0   ROM Totals

==============================================================================

    Total RO  Size (Code + RO Data)                 5164 (   5.04kB)
    Total RW  Size (RW Data + ZI Data)              1528 (   1.49kB)
    Total ROM Size (Code + RO Data + RW Data)       5220 (   5.10kB)

==============================================================================

